Component: Arm Compiler for Embedded 6.22 Tool: armlink [5ee90200]

==============================================================================

Section Cross References

    dl_adc12.o(.ARM.exidx.text.DL_ADC12_setClockConfig) refers to dl_adc12.o(.text.DL_ADC12_setClockConfig) for [Anonymous Symbol]
    dl_adc12.o(.ARM.exidx.text.DL_ADC12_getClockConfig) refers to dl_adc12.o(.text.DL_ADC12_getClockConfig) for [Anonymous Symbol]
    dl_aes.o(.ARM.exidx.text.DL_AES_setKey) refers to dl_aes.o(.text.DL_AES_setKey) for [Anonymous Symbol]
    dl_aes.o(.ARM.exidx.text.DL_AES_setKeyAligned) refers to dl_aes.o(.text.DL_AES_setKeyAligned) for [Anonymous Symbol]
    dl_aes.o(.ARM.exidx.text.DL_AES_loadDataIn) refers to dl_aes.o(.text.DL_AES_loadDataIn) for [Anonymous Symbol]
    dl_aes.o(.ARM.exidx.text.DL_AES_loadDataInAligned) refers to dl_aes.o(.text.DL_AES_loadDataInAligned) for [Anonymous Symbol]
    dl_aes.o(.ARM.exidx.text.DL_AES_getDataOut) refers to dl_aes.o(.text.DL_AES_getDataOut) for [Anonymous Symbol]
    dl_aes.o(.ARM.exidx.text.DL_AES_getDataOutAligned) refers to dl_aes.o(.text.DL_AES_getDataOutAligned) for [Anonymous Symbol]
    dl_aes.o(.ARM.exidx.text.DL_AES_loadXORDataIn) refers to dl_aes.o(.text.DL_AES_loadXORDataIn) for [Anonymous Symbol]
    dl_aes.o(.ARM.exidx.text.DL_AES_loadXORDataInAligned) refers to dl_aes.o(.text.DL_AES_loadXORDataInAligned) for [Anonymous Symbol]
    dl_aes.o(.ARM.exidx.text.DL_AES_loadXORDataInWithoutTrigger) refers to dl_aes.o(.text.DL_AES_loadXORDataInWithoutTrigger) for [Anonymous Symbol]
    dl_aes.o(.ARM.exidx.text.DL_AES_loadXORDataInWithoutTriggerAligned) refers to dl_aes.o(.text.DL_AES_loadXORDataInWithoutTriggerAligned) for [Anonymous Symbol]
    dl_aes.o(.ARM.exidx.text.DL_AES_xorData) refers to dl_aes.o(.text.DL_AES_xorData) for [Anonymous Symbol]
    dl_aes.o(.ARM.exidx.text.DL_AES_xorDataAligned) refers to dl_aes.o(.text.DL_AES_xorDataAligned) for [Anonymous Symbol]
    dl_aes.o(.ARM.exidx.text.DL_AES_saveConfiguration) refers to dl_aes.o(.text.DL_AES_saveConfiguration) for [Anonymous Symbol]
    dl_aes.o(.ARM.exidx.text.DL_AES_restoreConfiguration) refers to dl_aes.o(.text.DL_AES_restoreConfiguration) for [Anonymous Symbol]
    dl_common.o(.ARM.exidx.text.DL_Common_delayCycles) refers to dl_common.o(.text.DL_Common_delayCycles) for [Anonymous Symbol]
    dl_crc.o(.ARM.exidx.text.DL_CRC_calculateBlock32) refers to dl_crc.o(.text.DL_CRC_calculateBlock32) for [Anonymous Symbol]
    dl_crc.o(.ARM.exidx.text.DL_CRC_calculateMemoryRange32) refers to dl_crc.o(.text.DL_CRC_calculateMemoryRange32) for [Anonymous Symbol]
    dl_crc.o(.ARM.exidx.text.DL_CRC_calculateBlock16) refers to dl_crc.o(.text.DL_CRC_calculateBlock16) for [Anonymous Symbol]
    dl_crc.o(.ARM.exidx.text.DL_CRC_calculateMemoryRange16) refers to dl_crc.o(.text.DL_CRC_calculateMemoryRange16) for [Anonymous Symbol]
    dl_dac12.o(.ARM.exidx.text.DL_DAC12_init) refers to dl_dac12.o(.text.DL_DAC12_init) for [Anonymous Symbol]
    dl_dac12.o(.ARM.exidx.text.DL_DAC12_outputBlocking8) refers to dl_dac12.o(.text.DL_DAC12_outputBlocking8) for [Anonymous Symbol]
    dl_dac12.o(.ARM.exidx.text.DL_DAC12_outputBlocking12) refers to dl_dac12.o(.text.DL_DAC12_outputBlocking12) for [Anonymous Symbol]
    dl_dac12.o(.ARM.exidx.text.DL_DAC12_fillFIFO8) refers to dl_dac12.o(.text.DL_DAC12_fillFIFO8) for [Anonymous Symbol]
    dl_dac12.o(.ARM.exidx.text.DL_DAC12_fillFIFO12) refers to dl_dac12.o(.text.DL_DAC12_fillFIFO12) for [Anonymous Symbol]
    dl_dac12.o(.ARM.exidx.text.DL_DAC12_performSelfCalibrationBlocking) refers to dl_dac12.o(.text.DL_DAC12_performSelfCalibrationBlocking) for [Anonymous Symbol]
    dl_dma.o(.ARM.exidx.text.DL_DMA_initChannel) refers to dl_dma.o(.text.DL_DMA_initChannel) for [Anonymous Symbol]
    dl_flashctl.o(.ARM.exidx.text.DL_FlashCTL_eraseMemory) refers to dl_flashctl.o(.text.DL_FlashCTL_eraseMemory) for [Anonymous Symbol]
    dl_flashctl.o(.text.DL_FlashCTL_eraseMemoryFromRAM) refers to dl_flashctl.o(.ramfunc) for DL_FlashCTL_executeCommandFromRAM
    dl_flashctl.o(.ARM.exidx.text.DL_FlashCTL_eraseMemoryFromRAM) refers to dl_flashctl.o(.text.DL_FlashCTL_eraseMemoryFromRAM) for [Anonymous Symbol]
    dl_flashctl.o(.ARM.exidx.ramfunc) refers to dl_flashctl.o(.ramfunc) for [Anonymous Symbol]
    dl_flashctl.o(.text.DL_FlashCTL_massErase) refers to dl_flashctl.o(.text.DL_FlashCTL_unprotectSector) for DL_FlashCTL_unprotectSector
    dl_flashctl.o(.ARM.exidx.text.DL_FlashCTL_massErase) refers to dl_flashctl.o(.text.DL_FlashCTL_massErase) for [Anonymous Symbol]
    dl_flashctl.o(.ARM.exidx.text.DL_FlashCTL_unprotectMainMemory) refers to dl_flashctl.o(.text.DL_FlashCTL_unprotectMainMemory) for [Anonymous Symbol]
    dl_flashctl.o(.ARM.exidx.text.DL_FlashCTL_protectNonMainMemory) refers to dl_flashctl.o(.text.DL_FlashCTL_protectNonMainMemory) for [Anonymous Symbol]
[...]
    _printf_flags                            0x00000000   Number         0  printf_stubs.o ABSOLUTE
    _printf_return_value                     0x00000000   Number         0  printf_stubs.o ABSOLUTE
    _printf_sizespec                         0x00000000   Number         0  printf_stubs.o ABSOLUTE
    _printf_widthprec                        0x00000000   Number         0  printf_stubs.o ABSOLUTE
    __ARM_exceptions_init                     - Undefined Weak Reference
    __alloca_initialize                       - Undefined Weak Reference
    __arm_preinit_                            - Undefined Weak Reference
    __arm_relocate_pie_                       - Undefined Weak Reference
    __cpp_initialize__aeabi_                  - Undefined Weak Reference
    __cxa_finalize                            - Undefined Weak Reference
    __sigvec_lookup                           - Undefined Weak Reference
    _atexit_init                              - Undefined Weak Reference
    _call_atexit_fns                          - Undefined Weak Reference
    _clock_init                               - Undefined Weak Reference
    _fp_trap_init                             - Undefined Weak Reference
    _fp_trap_shutdown                         - Undefined Weak Reference
    _get_lc_collate                           - Undefined Weak Reference
    _get_lc_ctype                             - Undefined Weak Reference
    _get_lc_monetary                          - Undefined Weak Reference
    _get_lc_time                              - Undefined Weak Reference
    _getenv_init                              - Undefined Weak Reference
    _handle_redirection                       - Undefined Weak Reference
    _init_alloc                               - Undefined Weak Reference
    _init_user_alloc                          - Undefined Weak Reference
    _initio                                   - Undefined Weak Reference
    _printf_mbtowc                            - Undefined Weak Reference
    _printf_post_padding                      - Undefined Weak Reference
    _printf_pre_padding                       - Undefined Weak Reference
    _printf_truncate_signed                   - Undefined Weak Reference
    _printf_truncate_unsigned                 - Undefined Weak Reference
    _rand_init                                - Undefined Weak Reference
    _signal_finish                            - Undefined Weak Reference
    _signal_init                              - Undefined Weak Reference
    _terminate_alloc                          - Undefined Weak Reference
    _terminate_user_alloc                     - Undefined Weak Reference
    _terminateio                              - Undefined Weak Reference
    __Vectors_End                            0x000000c0   Data           0  startup_mspm0g350x_uvision.o(RESET)
    __Vectors_Size                           0x000000c0   Number         0  startup_mspm0g350x_uvision.o ABSOLUTE
    __main                                   0x000000c1   Thumb Code     8  __main.o(!!!main)
    __scatterload                            0x000000c9   Thumb Code     0  __scatter.o(!!!scatter)
    __scatterload_rt2                        0x000000c9   Thumb Code    74  __scatter.o(!!!scatter)
    __scatterload_rt2_thumb_only             0x000000c9   Thumb Code     0  __scatter.o(!!!scatter)
    __scatterload_loop                       0x000000d3   Thumb Code     0  __scatter.o(!!!scatter)
    __scatterload_copy                       0x00000121   Thumb Code    26  __scatter_copy.o(!!handler_copy)
    __scatterload_null                       0x00000141   Thumb Code     2  __scatter.o(!!handler_null)
    __scatterload_zeroinit                   0x00000149   Thumb Code    28  __scatter_zi.o(!!handler_zi)
    _printf_percent                          0x00000165   Thumb Code     0  _printf_percent.o(.ARM.Collect$$_printf_percent$$00000000)
    _printf_f                                0x00000167   Thumb Code     0  _printf_f.o(.ARM.Collect$$_printf_percent$$00000003)
    _printf_u                                0x00000171   Thumb Code     0  _printf_u.o(.ARM.Collect$$_printf_percent$$0000000A)
    _printf_s                                0x0000017b   Thumb Code     0  _printf_s.o(.ARM.Collect$$_printf_percent$$00000014)
    _printf_percent_end                      0x00000185   Thumb Code     0  _printf_percent_end.o(.ARM.Collect$$_printf_percent$$00000017)
    __rt_lib_init                            0x00000189   Thumb Code     0  libinit.o(.ARM.Collect$$libinit$$00000000)
    __rt_lib_init_fp_1                       0x0000018b   Thumb Code     0  libinit2.o(.ARM.Collect$$libinit$$00000002)
    __rt_lib_init_heap_1                     0x0000018b   Thumb Code     0  libinit2.o(.ARM.Collect$$libinit$$0000000C)
    __rt_lib_init_lc_common                  0x0000018b   Thumb Code     0  libinit2.o(.ARM.Collect$$libinit$$00000011)
    __rt_lib_init_preinit_1                  0x0000018b   Thumb Code     0  libinit2.o(.ARM.Collect$$libinit$$00000006)
    __rt_lib_init_rand_1                     0x0000018b   Thumb Code     0  libinit2.o(.ARM.Collect$$libinit$$00000010)
    __rt_lib_init_relocate_pie_1             0x0000018b   Thumb Code     0  libinit2.o(.ARM.Collect$$libinit$$00000004)
    __rt_lib_init_user_alloc_1               0x0000018b   Thumb Code     0  libinit2.o(.ARM.Collect$$libinit$$0000000E)
    __rt_lib_init_lc_collate_1               0x00000191   Thumb Code     0  libinit2.o(.ARM.Collect$$libinit$$00000013)
    __rt_lib_init_lc_ctype_1                 0x00000191   Thumb Code     0  libinit2.o(.ARM.Collect$$libinit$$00000015)
    __rt_lib_init_lc_monetary_1              0x00000191   Thumb Code     0  libinit2.o(.ARM.Collect$$libinit$$00000017)
    __rt_lib_init_lc_numeric_2               0x00000191   Thumb Code     0  libinit2.o(.ARM.Collect$$libinit$$00000018)
    __rt_lib_init_alloca_1                   0x0000019b   Thumb Code     0  libinit2.o(.ARM.Collect$$libinit$$00000030)
    __rt_lib_init_argv_1                     0x0000019b   Thumb Code     0  libinit2.o(.ARM.Collect$$libinit$$0000002E)
    __rt_lib_init_atexit_1                   0x0000019b   Thumb Code     0  libinit2.o(.ARM.Collect$$libinit$$0000001D)
    __rt_lib_init_clock_1                    0x0000019b   Thumb Code     0  libinit2.o(.ARM.Collect$$libinit$$00000023)
    __rt_lib_init_cpp_1                      0x0000019b   Thumb Code     0  libinit2.o(.ARM.Collect$$libinit$$00000034)
    __rt_lib_init_exceptions_1               0x0000019b   Thumb Code     0  libinit2.o(.ARM.Collect$$libinit$$00000032)
    __rt_lib_init_fp_trap_1                  0x0000019b   Thumb Code     0  libinit2.o(.ARM.Collect$$libinit$$00000021)
    __rt_lib_init_getenv_1                   0x0000019b   Thumb Code     0  libinit2.o(.ARM.Collect$$libinit$$00000025)
    __rt_lib_init_lc_numeric_1               0x0000019b   Thumb Code     0  libinit2.o(.ARM.Collect$$libinit$$00000019)
    __rt_lib_init_lc_time_1                  0x0000019b   Thumb Code     0  libinit2.o(.ARM.Collect$$libinit$$0000001B)
    __rt_lib_init_return                     0x0000019b   Thumb Code     0  libinit2.o(.ARM.Collect$$libinit$$00000035)
    __rt_lib_init_signal_1                   0x0000019b   Thumb Code     0  libinit2.o(.ARM.Collect$$libinit$$0000001F)
    __rt_lib_init_stdio_1                    0x0000019b   Thumb Code     0  libinit2.o(.ARM.Collect$$libinit$$00000027)
    __rt_lib_shutdown                        0x0000019d   Thumb Code     0  libshutdown.o(.ARM.Collect$$libshutdown$$00000000)
    __rt_lib_shutdown_cpp_1                  0x0000019f   Thumb Code     0  libshutdown2.o(.ARM.Collect$$libshutdown$$00000002)
    __rt_lib_shutdown_fp_trap_1              0x0000019f   Thumb Code     0  libshutdown2.o(.ARM.Collect$$libshutdown$$00000007)
    __rt_lib_shutdown_heap_1                 0x0000019f   Thumb Code     0  libshutdown2.o(.ARM.Collect$$libshutdown$$0000000F)
    __rt_lib_shutdown_return                 0x0000019f   Thumb Code     0  libshutdown2.o(.ARM.Collect$$libshutdown$$00000010)
    __rt_lib_shutdown_signal_1               0x0000019f   Thumb Code     0  libshutdown2.o(.ARM.Collect$$libshutdown$$0000000A)
    __rt_lib_shutdown_stdio_1                0x0000019f   Thumb Code     0  libshutdown2.o(.ARM.Collect$$libshutdown$$00000004)
    __rt_lib_shutdown_user_alloc_1           0x0000019f   Thumb Code     0  libshutdown2.o(.ARM.Collect$$libshutdown$$0000000C)
    __rt_entry                               0x000001a1   Thumb Code     0  __rtentry.o(.ARM.Collect$$rtentry$$00000000)
    __rt_entry_presh_1                       0x000001a1   Thumb Code     0  __rtentry2.o(.ARM.Collect$$rtentry$$00000002)
    __rt_entry_sh                            0x000001a1   Thumb Code     0  __rtentry4.o(.ARM.Collect$$rtentry$$00000004)
    __rt_entry_li                            0x000001a7   Thumb Code     0  __rtentry2.o(.ARM.Collect$$rtentry$$0000000A)
    __rt_entry_postsh_1                      0x000001a7   Thumb Code     0  __rtentry2.o(.ARM.Collect$$rtentry$$00000009)
    __rt_entry_main                          0x000001ab   Thumb Code     0  __rtentry2.o(.ARM.Collect$$rtentry$$0000000D)
    __rt_entry_postli_1                      0x000001ab   Thumb Code     0  __rtentry2.o(.ARM.Collect$$rtentry$$0000000C)
    __rt_exit                                0x000001b3   Thumb Code     0  rtexit.o(.ARM.Collect$$rtexit$$00000000)
    __rt_exit_ls                             0x000001b5   Thumb Code     0  rtexit2.o(.ARM.Collect$$rtexit$$00000003)
    __rt_exit_prels_1                        0x000001b5   Thumb Code     0  rtexit2.o(.ARM.Collect$$rtexit$$00000002)
    __rt_exit_exit                           0x000001b9   Thumb Code     0  rtexit2.o(.ARM.Collect$$rtexit$$00000004)
    __aeabi_memcpy4                          0x000001c1   Thumb Code    56  rt_memcpy.o(.emb_text)
    __aeabi_memcpy8                          0x000001c1   Thumb Code     0  rt_memcpy.o(.emb_text)
    Reset_Handler                            0x000001f9   Thumb Code     4  startup_mspm0g350x_uvision.o(.text)
    HardFault_Handler                        0x000001ff   Thumb Code     2  startup_mspm0g350x_uvision.o(.text)
    SVC_Handler                              0x00000201   Thumb Code     2  startup_mspm0g350x_uvision.o(.text)
    PendSV_Handler                           0x00000203   Thumb Code     2  startup_mspm0g350x_uvision.o(.text)
    ADC0_IRQHandler                          0x00000207   Thumb Code     0  startup_mspm0g350x_uvision.o(.text)
    ADC1_IRQHandler                          0x00000207   Thumb Code     0  startup_mspm0g350x_uvision.o(.text)
    AES_IRQHandler                           0x00000207   Thumb Code     0  startup_mspm0g350x_uvision.o(.text)
    CANFD0_IRQHandler                        0x00000207   Thumb Code     0  startup_mspm0g350x_uvision.o(.text)
    DAC0_IRQHandler                          0x00000207   Thumb Code     0  startup_mspm0g350x_uvision.o(.text)
    DMA_IRQHandler                           0x00000207   Thumb Code     0  startup_mspm0g350x_uvision.o(.text)
    Default_Handler                          0x00000207   Thumb Code     2  startup_mspm0g350x_uvision.o(.text)
    GROUP0_IRQHandler                        0x00000207   Thumb Code     0  startup_mspm0g350x_uvision.o(.text)
    I2C0_IRQHandler                          0x00000207   Thumb Code     0  startup_mspm0g350x_uvision.o(.text)
    I2C1_IRQHandler                          0x00000207   Thumb Code     0  startup_mspm0g350x_uvision.o(.text)
    RTC_IRQHandler                           0x00000207   Thumb Code     0  startup_mspm0g350x_uvision.o(.text)
    SPI0_IRQHandler                          0x00000207   Thumb Code     0  startup_mspm0g350x_uvision.o(.text)
    SPI1_IRQHandler                          0x00000207   Thumb Code     0  startup_mspm0g350x_uvision.o(.text)
    TIMA0_IRQHandler                         0x00000207   Thumb Code     0  startup_mspm0g350x_uvision.o(.text)
    TIMA1_IRQHandler                         0x00000207   Thumb Code     0  startup_mspm0g350x_uvision.o(.text)
    TIMG0_IRQHandler                         0x00000207   Thumb Code     0  startup_mspm0g350x_uvision.o(.text)
    TIMG12_IRQHandler                        0x00000207   Thumb Code     0  startup_mspm0g350x_uvision.o(.text)
    TIMG7_IRQHandler                         0x00000207   Thumb Code     0  startup_mspm0g350x_uvision.o(.text)
    UART0_IRQHandler                         0x00000207   Thumb Code     0  startup_mspm0g350x_uvision.o(.text)
    UART1_IRQHandler                         0x00000207   Thumb Code     0  startup_mspm0g350x_uvision.o(.text)
    UART3_IRQHandler                         0x00000207   Thumb Code     0  startup_mspm0g350x_uvision.o(.text)
    __user_initial_stackheap                 0x00000209   Thumb Code    10  startup_mspm0g350x_uvision.o(.text)
    __2snprintf                              0x00000229   Thumb Code    60  noretval__2snprintf.o(.text)
    _printf_str                              0x00000269   Thumb Code    82  _printf_str.o(.text)
    _printf_int_dec                          0x000002bd   Thumb Code    90  _printf_dec.o(.text)
    __printf                                 0x00000329   Thumb Code   352  __printf_ss_wp.o(.text)
    strncmp                                  0x00000489   Thumb Code   154  strncmp.o(.text)
    __aeabi_memset4                          0x00000529   Thumb Code    18  aeabi_memset4.o(.text)
    __aeabi_memset8                          0x00000529   Thumb Code     0  aeabi_memset4.o(.text)
    _memset_w                                0x0000053b   Thumb Code    26  rt_memclr.o(.text)
    _memset                                  0x00000555   Thumb Code    30  rt_memclr.o(.text)
    __aeabi_memclr                           0x00000573   Thumb Code     4  rt_memclr.o(.text)
    __rt_memclr                              0x00000573   Thumb Code     0  rt_memclr.o(.text)
    __aeabi_memclr4                          0x00000577   Thumb Code     0  rt_memclr.o(.text)
    __aeabi_memclr8                          0x00000577   Thumb Code     0  rt_memclr.o(.text)
    __rt_memclr_w                            0x00000577   Thumb Code     4  rt_memclr.o(.text)
    __aeabi_uidivmod                         0x0000057d   Thumb Code    28  aeabi_sdivfast.o(.text)
    __aeabi_idivmod                          0x00000599   Thumb Code   472  aeabi_sdivfast.o(.text)
    __use_two_region_memory                  0x00000775   Thumb Code     2  heapauxi.o(.text)
    __rt_heap_escrow$2region                 0x00000777   Thumb Code     2  heapauxi.o(.text)
    __rt_heap_expand$2region                 0x00000779   Thumb Code     2  heapauxi.o(.text)
    __aeabi_d2f                              0x0000077d   Thumb Code     0  d2f.o(.text)
    __truncdfsf2                             0x0000077d   Thumb Code     0  d2f.o(.text)
    _d2f                                     0x0000077d   Thumb Code   120  d2f.o(.text)
    __adddf3                                 0x00000af1   Thumb Code     0  daddsub.o(.text)
    __aeabi_dadd                             0x00000af1   Thumb Code     0  daddsub.o(.text)
    _dadd                                    0x00000af1   Thumb Code    26  daddsub.o(.text)
    __aeabi_dsub                             0x00000b0b   Thumb Code     0  daddsub.o(.text)
    __subdf3                                 0x00000b0b   Thumb Code     0  daddsub.o(.text)
    _dsub                                    0x00000b0b   Thumb Code    22  daddsub.o(.text)
    __aeabi_drsub                            0x00000b21   Thumb Code     0  daddsub.o(.text)
    _drsb                                    0x00000b21   Thumb Code    28  daddsub.o(.text)
    __aeabi_ddiv                             0x00000b51   Thumb Code     0  ddiv.o(.text)
    __divdf3                                 0x00000b51   Thumb Code     0  ddiv.o(.text)
    _ddiv                                    0x00000b51   Thumb Code  1072  ddiv.o(.text)
    _drdiv                                   0x00000f81   Thumb Code    20  ddiv.o(.text)
    __aeabi_i2d_normalise                    0x00000f99   Thumb Code    66  dflti.o(.text)
    __aeabi_i2d                              0x00000fdb   Thumb Code    16  dflti.o(.text)
    _dflt                                    0x00000fdb   Thumb Code     0  dflti.o(.text)
    __aeabi_ui2d                             0x00000feb   Thumb Code     6  dflti.o(.text)
    _dfltu                                   0x00000feb   Thumb Code     0  dflti.o(.text)
    __aeabi_f2d                              0x00000ff1   Thumb Code     0  f2d.o(.text)
    __extendsfdf2                            0x00000ff1   Thumb Code     0  f2d.o(.text)
    _f2d                                     0x00000ff1   Thumb Code    80  f2d.o(.text)
    __aeabi_fdiv                             0x00001045   Thumb Code     0  fdiv.o(.text)
    __divsf3                                 0x00001045   Thumb Code     0  fdiv.o(.text)
    _fdiv                                    0x00001045   Thumb Code   334  fdiv.o(.text)
    _frdiv                                   0x00001193   Thumb Code     8  fdiv.o(.text)
    __aeabi_f2uiz                            0x000011a5   Thumb Code     0  ffixui.o(.text)
    _ffixu                                   0x000011a5   Thumb Code    48  ffixui.o(.text)
    __aeabi_i2f_normalise                    0x000011d5   Thumb Code    72  fflti.o(.text)
    __aeabi_i2f                              0x0000121d   Thumb Code    16  fflti.o(.text)
    _fflt                                    0x0000121d   Thumb Code     0  fflti.o(.text)
    __aeabi_ui2f                             0x0000122d   Thumb Code     6  fflti.o(.text)
    _ffltu                                   0x0000122d   Thumb Code     0  fflti.o(.text)
    __read_errno                             0x00001233   Thumb Code    10  _rserrno.o(.text)
    __set_errno                              0x0000123d   Thumb Code    12  _rserrno.o(.text)
    _printf_int_common                       0x00001249   Thumb Code   176  _printf_intcommon.o(.text)
    _printf_fp_dec_real                      0x00001495   Thumb Code   620  _printf_fp_dec.o(.text)
    _printf_char_common                      0x00001717   Thumb Code    32  _printf_char_common.o(.text)
    _snputc                                  0x0000173d   Thumb Code    16  _snputc.o(.text)
    _printf_cs_common                        0x0000174d   Thumb Code    22  _printf_char.o(.text)
    _printf_char                             0x00001763   Thumb Code    16  _printf_char.o(.text)
    _printf_string                           0x00001773   Thumb Code     8  _printf_char.o(.text)
    __rt_udiv10                              0x0000177b   Thumb Code    40  rtudiv10.o(.text)
    __aeabi_f2iz                             0x000017a3   Thumb Code     0  ffixi.o(.text)
    _ffix                                    0x000017a3   Thumb Code    76  ffixi.o(.text)
    _frnd                                    0x000017f1   Thumb Code   122  frnd.o(.text)
    __ARM_scalbnf                            0x00001871   Thumb Code    64  fscalbn.o(.text)
    _fsqrt                                   0x000018b5   Thumb Code   140  fsqrt.o(.text)
    __rt_locale                              0x00001945   Thumb Code     8  rt_locale_intlibspace.o(.text)
    __aeabi_errno_addr                       0x0000194d   Thumb Code     8  rt_errno_addr_intlibspace.o(.text)
    __errno$intlibspace                      0x0000194d   Thumb Code     0  rt_errno_addr_intlibspace.o(.text)
    __rt_errno_addr$intlibspace              0x0000194d   Thumb Code     0  rt_errno_addr_intlibspace.o(.text)
    _ll_udiv10                               0x00001955   Thumb Code   122  lludiv10.o(.text)
    _printf_fp_infnan                        0x000019d1   Thumb Code   120  _printf_fp_infnan.o(.text)
    _btod_etento                             0x00001a59   Thumb Code   210  bigflt0.o(.text)
    _btod_d2e                                0x00001b31   Thumb Code    64  btod.o(.text)
    _btod_emul                               0x00001f65   Thumb Code    28  btod.o(.text)
    _btod_emuld                              0x00001f81   Thumb Code   144  btod.o(.text)
    _btod_ediv                               0x00002011   Thumb Code    26  btod.o(.text)
    _btod_edivd                              0x0000202b   Thumb Code   124  btod.o(.text)
    __fpl_fcmp_InfNaN                        0x000020b1   Thumb Code    96  fcmpin.o(.text)
    __user_libspace                          0x00002115   Thumb Code     8  libspace.o(.text)
    __user_perproc_libspace                  0x00002115   Thumb Code     0  libspace.o(.text)
    __user_perthread_libspace                0x00002115   Thumb Code     0  libspace.o(.text)
    __user_setup_stackheap                   0x0000211d   Thumb Code    62  sys_stackheap_outer.o(.text)
    exit                                     0x0000215b   Thumb Code    16  exit.o(.text)
    strcmp                                   0x0000216d   Thumb Code   176  strcmpv6m.o(.text)
    __fpl_cmpreturn                          0x0000221d   Thumb Code    46  cmpret.o(.text)
    __fpl_fcheck_NaN2                        0x0000224d   Thumb Code    10  fnan2.o(.text)
    __fpl_return_NaN                         0x0000225d   Thumb Code    94  retnan.o(.text)
    _sys_exit                                0x000022bd   Thumb Code     8  sys_exit.o(.text)
    __I$use$semihosting                      0x000022c9   Thumb Code     0  use_no_semi.o(.text)
    __use_no_semihosting_swi                 0x000022c9   Thumb Code     2  use_no_semi.o(.text)
    __semihosting_library_function           0x000022cb   Thumb Code     0  indicate_semi.o(.text)
    BMI088_Init                              0x000022cd   Thumb Code  1500  bmi088_mspm0.o(.text.BMI088_Init)
    BMI088_Read                              0x000028ed   Thumb Code   368  bmi088_mspm0.o(.text.BMI088_Read)
    BMI088_ReadAccelChipId                   0x00002a6d   Thumb Code    10  bmi088_mspm0.o(.text.BMI088_ReadAccelChipId)
    BMI088_ReadGyroChipId                    0x00002a77   Thumb Code    10  bmi088_mspm0.o(.text.BMI088_ReadGyroChipId)
    BMI088_ReadTemperatureRaw                0x00002a81   Thumb Code    64  bmi088_mspm0.o(.text.BMI088_ReadTemperatureRaw)
    BMI088_StartupCalibrate                  0x00002ac1   Thumb Code   816  bmi088_mspm0.o(.text.BMI088_StartupCalibrate)
    BMI270_Init                              0x00002e29   Thumb Code  2200  bmi270_mspm0.o(.text.BMI270_Init)
    BMI270_Read                              0x000036d5   Thumb Code   328  bmi270_mspm0.o(.text.BMI270_Read)
    BMI270_ReadChipId                        0x0000382d   Thumb Code    22  bmi270_mspm0.o(.text.BMI270_ReadChipId)
    BMI270_ReadTemperature                   0x00003845   Thumb Code    52  bmi270_mspm0.o(.text.BMI270_ReadTemperature)
    Board_EnableInterrupts                   0x00003881   Thumb Code    52  board_mspm0.o(.text.Board_EnableInterrupts)
    Board_HandleGroup1Irq                    0x000038c1   Thumb Code    52  board_mspm0.o(.text.Board_HandleGroup1Irq)
    Board_HandleNmi                          0x00003901   Thumb Code    28  board_mspm0.o(.text.Board_HandleNmi)
    Board_InitHardware                       0x00003929   Thumb Code     8  board_mspm0.o(.text.Board_InitHardware)
    Board_ResetAfterSave                     0x00003931   Thumb Code    28  board_mspm0.o(.text.Board_ResetAfterSave)
    DL_Common_delayCycles                    0x00003959   Thumb Code    10  dl_common.o(.text.DL_Common_delayCycles)
    DL_DMA_initChannel                       0x00003965   Thumb Code    64  dl_dma.o(.text.DL_DMA_initChannel)
    DL_FlashCTL_eraseMemoryFromRAM           0x000039a5   Thumb Code    20  dl_flashctl.o(.text.DL_FlashCTL_eraseMemoryFromRAM)
    DL_FlashCTL_programMemoryBlockingFromRAM64WithECCGenerated 0x000039b9   Thumb Code   116  dl_flashctl.o(.text.DL_FlashCTL_programMemoryBlockingFromRAM64WithECCGenerated)
    DL_FlashCTL_protectMainMemory            0x00003a39   Thumb Code    16  dl_flashctl.o(.text.DL_FlashCTL_protectMainMemory)
    DL_FlashCTL_unprotectSector              0x00003a4d   Thumb Code   188  dl_flashctl.o(.text.DL_FlashCTL_unprotectSector)
    DL_SPI_init                              0x00003b15   Thumb Code    60  dl_spi.o(.text.DL_SPI_init)
    DL_SPI_receiveDataBlocking8              0x00003b59   Thumb Code    20  dl_spi.o(.text.DL_SPI_receiveDataBlocking8)
    DL_SPI_setClockConfig                    0x00003b71   Thumb Code    18  dl_spi.o(.text.DL_SPI_setClockConfig)
    DL_SPI_transmitDataBlocking8             0x00003b85   Thumb Code    20  dl_spi.o(.text.DL_SPI_transmitDataBlocking8)
    DL_SYSCTL_configSYSPLL                   0x00003b9d   Thumb Code   180  dl_sysctl_mspm0g1x0x_g3x0x.o(.text.DL_SYSCTL_configSYSPLL)
    DL_SYSCTL_setHFCLKSourceHFXTParams       0x00003c61   Thumb Code    76  dl_sysctl_mspm0g1x0x_g3x0x.o(.text.DL_SYSCTL_setHFCLKSourceHFXTParams)
    DL_SYSCTL_switchMCLKfromSYSOSCtoHSCLK    0x00003cb1   Thumb Code    32  dl_sysctl_mspm0g1x0x_g3x0x.o(.text.DL_SYSCTL_switchMCLKfromSYSOSCtoHSCLK)
    DL_TimerA_initPWMMode                    0x00003cd9   Thumb Code   120  dl_timer.o(.text.DL_TimerA_initPWMMode)
    DL_Timer_initPWMMode                     0x00003d5d   Thumb Code   188  dl_timer.o(.text.DL_Timer_initPWMMode)
    DL_Timer_initTimerMode                   0x00003e31   Thumb Code   224  dl_timer.o(.text.DL_Timer_initTimerMode)
    DL_Timer_setCaptCompUpdateMethod         0x00003f1d   Thumb Code    24  dl_timer.o(.text.DL_Timer_setCaptCompUpdateMethod)
    DL_Timer_setCaptureCompareOutCtl         0x00003f39   Thumb Code    20  dl_timer.o(.text.DL_Timer_setCaptureCompareOutCtl)
    DL_Timer_setCaptureCompareValue          0x00003f51   Thumb Code    12  dl_timer.o(.text.DL_Timer_setCaptureCompareValue)
    DL_Timer_setClockConfig                  0x00003f61   Thumb Code    24  dl_timer.o(.text.DL_Timer_setClockConfig)
    DL_UART_configBaudRate                   0x00003f7d   Thumb Code   124  dl_uart.o(.text.DL_UART_configBaudRate)
    DL_UART_init                             0x00004001   Thumb Code    64  dl_uart.o(.text.DL_UART_init)
    DL_UART_setClockConfig                   0x00004049   Thumb Code    18  dl_uart.o(.text.DL_UART_setClockConfig)
    GROUP1_IRQHandler                        0x0000405b   Thumb Code     8  interrupt_mspm0.o(.text.GROUP1_IRQHandler)
    GyroBias_Apply                           0x00004065   Thumb Code    36  flash_storage.o(.text.GyroBias_Apply)
    GyroBias_CalibrateWithService            0x00004089   Thumb Code   464  flash_storage.o(.text.GyroBias_CalibrateWithService)
    GyroBias_CalibrationProgress             0x00004269   Thumb Code   132  task_serial.o(.text.GyroBias_CalibrationProgress)
    ImuAttitude_BMI088AccelToBoard           0x00004315   Thumb Code    12  imu_attitude.o(.text.ImuAttitude_BMI088AccelToBoard)
    ImuAttitude_BMI270AccelToBoard           0x00004325   Thumb Code    24  imu_attitude.o(.text.ImuAttitude_BMI270AccelToBoard)
    ImuAttitude_Init                         0x00004341   Thumb Code   188  imu_attitude.o(.text.ImuAttitude_Init)
    ImuAttitude_SetDebugMode                 0x00004419   Thumb Code    12  imu_attitude.o(.text.ImuAttitude_SetDebugMode)
    ImuAttitude_SetInitialAccel              0x00004425   Thumb Code   220  imu_attitude.o(.text.ImuAttitude_SetInitialAccel)
    ImuAttitude_Update                       0x0000451d   Thumb Code  1192  imu_attitude.o(.text.ImuAttitude_Update)
    ImuAttitude_UpdateOutput                 0x00004a01   Thumb Code    72  imu_attitude.o(.text.ImuAttitude_UpdateOutput)
    Mahony_Init                              0x00004a5d   Thumb Code    70  mahony_filter.o(.text.Mahony_Init)
    Mahony_Output                            0x00004aa3   Thumb Code    40  mahony_filter.o(.text.Mahony_Output)
    Mahony_RotationMatrixUpdate              0x00004acb   Thumb Code   282  mahony_filter.o(.text.Mahony_RotationMatrixUpdate)
    Mahony_SetFromAccel                      0x00004be5   Thumb Code   408  mahony_filter.o(.text.Mahony_SetFromAccel)
    Mahony_UpdateFast                        0x00004d81   Thumb Code    28  mahony_filter.o(.text.Mahony_UpdateFast)
    Mahony_UpdateGyroOnlyFast                0x00004d9d   Thumb Code    16  mahony_filter.o(.text.Mahony_UpdateGyroOnlyFast)
    NMI_Handler                              0x00004dad   Thumb Code     8  interrupt_mspm0.o(.text.NMI_Handler)
    RuntimeConfig_Load                       0x00004db5   Thumb Code   180  flash_storage.o(.text.RuntimeConfig_Load)
    RuntimeConfig_Save                       0x00004e6d   Thumb Code   404  flash_storage.o(.text.RuntimeConfig_Save)
    RuntimeState_BaudRateIsSupported         0x00005011   Thumb Code    44  runtime_state.o(.text.RuntimeState_BaudRateIsSupported)
    RuntimeState_ClearImuRuntimeStats        0x00005041   Thumb Code    24  runtime_state.o(.text.RuntimeState_ClearImuRuntimeStats)
    RuntimeState_ClearImuUpdates             0x0000505d   Thumb Code    10  runtime_state.o(.text.RuntimeState_ClearImuUpdates)
    RuntimeState_LoadConfig                  0x00005067   Thumb Code    50  runtime_state.o(.text.RuntimeState_LoadConfig)
    RuntimeState_OnSysTick                   0x00005099   Thumb Code    12  runtime_state.o(.text.RuntimeState_OnSysTick)
    RuntimeState_OnTemperatureTick           0x000050a9   Thumb Code     8  runtime_state.o(.text.RuntimeState_OnTemperatureTick)
    RuntimeState_TakeTemperatureUpdate       0x000050b1   Thumb Code    20  runtime_state.o(.text.RuntimeState_TakeTemperatureUpdate)
    RuntimeState_UpdateReportRate            0x000050c9   Thumb Code    38  runtime_state.o(.text.RuntimeState_UpdateReportRate)
    RuntimeState_WaitForInterrupt            0x000050ef   Thumb Code     4  runtime_state.o(.text.RuntimeState_WaitForInterrupt)
    SYSCFG_DL_GPIO_init                      0x000050f5   Thumb Code   164  ti_msp_dl_config.o(.text.SYSCFG_DL_GPIO_init)
    SYSCFG_DL_PWM_Buzzer_init                0x000051bd   Thumb Code    92  ti_msp_dl_config.o(.text.SYSCFG_DL_PWM_Buzzer_init)
    SYSCFG_DL_PWM_Motors_init                0x0000522d   Thumb Code   124  ti_msp_dl_config.o(.text.SYSCFG_DL_PWM_Motors_init)
    SYSCFG_DL_SPI_BMI088_init                0x000052c5   Thumb Code    56  ti_msp_dl_config.o(.text.SYSCFG_DL_SPI_BMI088_init)
    SYSCFG_DL_SPI_Bmi270_init                0x0000530d   Thumb Code    56  ti_msp_dl_config.o(.text.SYSCFG_DL_SPI_Bmi270_init)
    SYSCFG_DL_SYSCTL_CLK_init                0x00005359   Thumb Code    16  ti_msp_dl_config.o(.text.SYSCFG_DL_SYSCTL_CLK_init)
    SYSCFG_DL_SYSCTL_init                    0x00005371   Thumb Code   128  ti_msp_dl_config.o(.text.SYSCFG_DL_SYSCTL_init)
    SYSCFG_DL_SYSTICK_init                   0x000053fd   Thumb Code    36  ti_msp_dl_config.o(.text.SYSCFG_DL_SYSTICK_init)
    SYSCFG_DL_TIMERA1_10hz_init              0x0000542d   Thumb Code    36  ti_msp_dl_config.o(.text.SYSCFG_DL_TIMERA1_10hz_init)
    SYSCFG_DL_TIMERG6_1000hz_init            0x00005465   Thumb Code    36  ti_msp_dl_config.o(.text.SYSCFG_DL_TIMERG6_1000hz_init)
    SYSCFG_DL_TIMERG7_200hz_init             0x0000549d   Thumb Code    36  ti_msp_dl_config.o(.text.SYSCFG_DL_TIMERG7_200hz_init)
    SYSCFG_DL_TIMERG8_100hz_init             0x000054d5   Thumb Code    36  ti_msp_dl_config.o(.text.SYSCFG_DL_TIMERG8_100hz_init)
    SYSCFG_DL_UART_OUT_init                  0x0000550d   Thumb Code    88  ti_msp_dl_config.o(.text.SYSCFG_DL_UART_OUT_init)
    SYSCFG_DL_init                           0x0000557d   Thumb Code    92  ti_msp_dl_config.o(.text.SYSCFG_DL_init)
    SYSCFG_DL_initPower                      0x000055f1   Thumb Code    96  ti_msp_dl_config.o(.text.SYSCFG_DL_initPower)
    SysTick_Handler                          0x00005685   Thumb Code     8  interrupt_mspm0.o(.text.SysTick_Handler)
    TIMG6_IRQHandler                         0x0000568d   Thumb Code    24  interrupt_mspm0.o(.text.TIMG6_IRQHandler)
    TIMG8_IRQHandler                         0x000056ad   Thumb Code    24  interrupt_mspm0.o(.text.TIMG8_IRQHandler)
    TaskIMU_AlignInitialAttitude             0x000056c9   Thumb Code   252  task_imu.o(.text.TaskIMU_AlignInitialAttitude)
    TaskIMU_EnableInterruptUpdate            0x000057cd   Thumb Code    32  task_imu.o(.text.TaskIMU_EnableInterruptUpdate)
    TaskIMU_HaveAlarm                        0x000057ed   Thumb Code    54  task_imu.o(.text.TaskIMU_HaveAlarm)
    TaskIMU_Init                             0x00005825   Thumb Code   448  task_imu.o(.text.TaskIMU_Init)
    TaskIMU_ServiceReport                    0x00005a9d   Thumb Code   128  task_imu.o(.text.TaskIMU_ServiceReport)
    TaskIMU_UpdateFromInterrupt              0x00005b1d   Thumb Code    92  task_imu.o(.text.TaskIMU_UpdateFromInterrupt)
    TaskIMU_WriteAngles                      0x00005b91   Thumb Code   344  task_imu.o(.text.TaskIMU_WriteAngles)
    TaskLED_Init                             0x00005d39   Thumb Code    20  task_led.o(.text.TaskLED_Init)
    TaskLED_Set                              0x00005d51   Thumb Code    20  task_led.o(.text.TaskLED_Set)
    TaskLED_UpdateSystemStatus               0x00005d65   Thumb Code    72  task_led.o(.text.TaskLED_UpdateSystemStatus)
    TaskSerial_ApplyBaud                     0x00005db5   Thumb Code   224  task_serial.o(.text.TaskSerial_ApplyBaud)
    TaskSerial_CollectRx                     0x00005edd   Thumb Code   244  task_serial.o(.text.TaskSerial_CollectRx)
    TaskSerial_PollCommand                   0x00005ff9   Thumb Code  3544  task_serial.o(.text.TaskSerial_PollCommand)
    TaskSerial_Write                         0x00006e5d   Thumb Code    84  task_serial.o(.text.TaskSerial_Write)
    TaskTemperature_CalibrationService       0x00006ebd   Thumb Code    40  task_temperature.o(.text.TaskTemperature_CalibrationService)
    TaskTemperature_HaveFault                0x00006ee9   Thumb Code    84  task_temperature.o(.text.TaskTemperature_HaveFault)
    TaskTemperature_Init                     0x00006f45   Thumb Code   132  task_temperature.o(.text.TaskTemperature_Init)
    TaskTemperature_IsReady                  0x00006fd5   Thumb Code   126  task_temperature.o(.text.TaskTemperature_IsReady)
    TaskTemperature_SampleSensorsFromInterrupt 0x00007055   Thumb Code   272  task_temperature.o(.text.TaskTemperature_SampleSensorsFromInterrupt)
    TaskTemperature_Update100Hz              0x0000717d   Thumb Code   312  task_temperature.o(.text.TaskTemperature_Update100Hz)
    UART2_IRQHandler                         0x000072dd   Thumb Code    12  interrupt_mspm0.o(.text.UART2_IRQHandler)
    main                                     0x000083d1   Thumb Code   144  main.o(.text.main)
    __aeabi_uidiv                            0x00008961   Thumb Code    68  aeabi_sdivfast.o(.text_divfast)
    __aeabi_idiv                             0x000089a5   Thumb Code   434  aeabi_sdivfast.o(.text_divfast)
    __ARM_common_ll_muluu                    0x00008b65   Thumb Code    48  btod.o(i.__ARM_common_ll_muluu)
    __ARM_fpclassify                         0x00008b95   Thumb Code    40  fpclassify.o(i.__ARM_fpclassify)
    __ARM_fpclassifyf                        0x00008bc1   Thumb Code    34  fpclassifyf.o(i.__ARM_fpclassifyf)
    __mathlib_flt_infnan                     0x00008be3   Thumb Code    10  funder.o(i.__mathlib_flt_infnan)
    __mathlib_flt_infnan2                    0x00008bed   Thumb Code     8  funder.o(i.__mathlib_flt_infnan2)
    __mathlib_flt_invalid                    0x00008bf5   Thumb Code    12  funder.o(i.__mathlib_flt_invalid)
    __mathlib_flt_underflow                  0x00008c01   Thumb Code    14  funder.o(i.__mathlib_flt_underflow)
    __mathlib_rredf2                         0x00008c11   Thumb Code   366  rredf.o(i.__mathlib_rredf2)
    __aeabi_fcmpeq                           0x00008d91   Thumb Code     0  fcmp.o(i._feq)
    _feq                                     0x00008d91   Thumb Code    22  fcmp.o(i._feq)
    __aeabi_fcmpge                           0x00008da7   Thumb Code     0  fcmp.o(i._fgeq)
    _fgeq                                    0x00008da7   Thumb Code    22  fcmp.o(i._fgeq)
    __aeabi_fcmpgt                           0x00008dbd   Thumb Code     0  fcmp.o(i._fgr)
    _fgr                                     0x00008dbd   Thumb Code    22  fcmp.o(i._fgr)
    __aeabi_fcmple                           0x00008dd3   Thumb Code     0  fcmp.o(i._fleq)
    _fleq                                    0x00008dd3   Thumb Code    26  fcmp.o(i._fleq)
    __aeabi_fcmplt                           0x00008ded   Thumb Code     0  fcmp.o(i._fls)
    _fls                                     0x00008ded   Thumb Code    22  fcmp.o(i._fls)
    _is_digit                                0x00008e03   Thumb Code    14  __printf_wp.o(i._is_digit)
    asinf                                    0x00008e11   Thumb Code   242  asinf.o(i.asinf)
    atan2f                                   0x00008f29   Thumb Code   592  atan2f.o(i.atan2f)
    cosf                                     0x000091c5   Thumb Code   318  cosf.o(i.cosf)
    sinf                                     0x0000933d   Thumb Code   330  sinf.o(i.sinf)
    sqrtf                                    0x000094c1   Thumb Code    44  sqrtf.o(i.sqrtf)
    _get_lc_numeric                          0x000094ed   Thumb Code    44  lc_numeric_c.o(locale$$code)
    __aeabi_fadd                             0x00009519   Thumb Code     0  faddsub.o(x$fpl$fadd)
    _fadd                                    0x00009519   Thumb Code   134  faddsub.o(x$fpl$fadd)
    __aeabi_cfcmpeq                          0x000095a5   Thumb Code     0  feqf.o(x$fpl$feqf)
    _fcmpeq                                  0x000095a5   Thumb Code    78  feqf.o(x$fpl$feqf)
    _fcmpge                                  0x000095f9   Thumb Code    78  fgef.o(x$fpl$fgeqf)
    __aeabi_cfcmple                          0x0000964d   Thumb Code     0  flef.o(x$fpl$fleqf)
    _fcmple                                  0x0000964d   Thumb Code    78  flef.o(x$fpl$fleqf)
    __aeabi_fmul                             0x000096a1   Thumb Code     0  fmul.o(x$fpl$fmul)
    _fmul                                    0x000096a1   Thumb Code   172  fmul.o(x$fpl$fmul)
    __aeabi_frsub                            0x00009751   Thumb Code     0  faddsub.o(x$fpl$frsb)
    _frsb                                    0x00009751   Thumb Code    24  faddsub.o(x$fpl$frsb)
    __aeabi_fsub                             0x00009769   Thumb Code     0  faddsub.o(x$fpl$fsub)
    _fsub                                    0x00009769   Thumb Code   204  faddsub.o(x$fpl$fsub)
    _printf_fp_dec                           0x00009839   Thumb Code    16  printf1.o(x$fpl$printf1)
    __I$use$fp                               0x00009848   Number         0  usenofp.o(x$fpl$usenofp)
    Region$$Table$$Base                      0x0000dd58   Number         0  anon$$obj.o(Region$$Table)
    Region$$Table$$Limit                     0x0000dd78   Number         0  anon$$obj.o(Region$$Table)
    __libspace_start                         0x20200020   Data          96  libspace.o(.bss)
    BMI088                                   0x20200080   Data         104  imu_attitude.o(.bss.BMI088)
    __temporary_stack_top$libspace           0x20200080   Data           0  libspace.o(.bss)
    BMI088BoardAccel                         0x202000e8   Data          12  imu_attitude.o(.bss.BMI088BoardAccel)
    BMI088BoardGyro                          0x202000f4   Data          12  imu_attitude.o(.bss.BMI088BoardGyro)
    BMI088Sensor                             0x20200100   Data          76  bmi088_mspm0.o(.bss.BMI088Sensor)
    BMI270                                   0x2020014c   Data          28  imu_attitude.o(.bss.BMI270)
    BMI270BoardAccel                         0x20200168   Data          12  imu_attitude.o(.bss.BMI270BoardAccel)
    BMI270BoardGyro                          0x20200174   Data          12  imu_attitude.o(.bss.BMI270BoardGyro)
    BMI270Sensor                             0x20200180   Data          56  bmi270_mspm0.o(.bss.BMI270Sensor)
    BMI270_Debug                             0x202001b8   Data          16  bmi270_mspm0.o(.bss.BMI270_Debug)
    BMI270_RegDumpAfterConfig                0x202001c8   Data         128  bmi270_mspm0.o(.bss.BMI270_RegDumpAfterConfig)
    BMI270_RegDumpAfterPower                 0x20200248   Data         128  bmi270_mspm0.o(.bss.BMI270_RegDumpAfterPower)
    BMI270_RegDumpAfterReset                 0x202002c8   Data         128  bmi270_mspm0.o(.bss.BMI270_RegDumpAfterReset)
    DualGyroKalman_Accel                     0x20200348   Data          12  imu_attitude.o(.bss.DualGyroKalman_Accel)
    DualGyroKalman_Omega                     0x20200354   Data          12  imu_attitude.o(.bss.DualGyroKalman_Omega)
    VirtualIMU                               0x20200364   Data          28  imu_attitude.o(.bss.VirtualIMU)
    gImuRuntimeStats                         0x202005c4   Data          16  runtime_state.o(.bss.gImuRuntimeStats)
    gPWM_MotorsBackup                        0x20200644   Data         188  ti_msp_dl_config.o(.bss.gPWM_MotorsBackup)
    gRuntimeState                            0x20200704   Data          96  runtime_state.o(.bss.gRuntimeState)
    gSPI_BMI088Backup                        0x20200798   Data          40  ti_msp_dl_config.o(.bss.gSPI_BMI088Backup)
    gSPI_Bmi270Backup                        0x202007c0   Data          40  ti_msp_dl_config.o(.bss.gSPI_Bmi270Backup)
    gSystemTickMs                            0x202007e8   Data           4  runtime_state.o(.bss.gSystemTickMs)
    gTIMERA1_10hzBackup                      0x202007ec   Data         188  ti_msp_dl_config.o(.bss.gTIMERA1_10hzBackup)
    gTIMERG6_1000hzBackup                    0x202008a8   Data         120  ti_msp_dl_config.o(.bss.gTIMERG6_1000hzBackup)
    gTIMERG7_200hzBackup                     0x20200920   Data         120  ti_msp_dl_config.o(.bss.gTIMERG7_200hzBackup)



==============================================================================

Memory Map of the image

  Image Entry point : 0x000000c1

  Load Region LR_IROM1 (Base: 0x00000000, Size: 0x0000ddb8, Max: 0x0001fc00, ABSOLUTE)

    Execution Region ER_IROM1 (Exec base: 0x00000000, Load base: 0x00000000, Size: 0x0000dd94, Max: 0x0001fc00, ABSOLUTE)

    Exec Addr    Load Addr    Size         Type   Attr      Idx    E Section Name        Object

    0x00000000   0x00000000   0x000000c0   Data   RO          776    RESET               startup_mspm0g350x_uvision.o
    0x000000c0   0x000000c0   0x00000008   Code   RO         1284  * !!!main             c_p.l(__main.o)
    0x000000c8   0x000000c8   0x00000054   Code   RO         1632    !!!scatter          c_p.l(__scatter.o)
    0x0000011c   0x0000011c   0x00000004   PAD
    0x00000120   0x00000120   0x0000001a   Code   RO         1636    !!handler_copy      c_p.l(__scatter_copy.o)
    0x0000013a   0x0000013a   0x00000006   PAD
    0x00000140   0x00000140   0x00000002   Code   RO         1633    !!handler_null      c_p.l(__scatter.o)
    0x00000142   0x00000142   0x00000006   PAD
    0x00000148   0x00000148   0x0000001c   Code   RO         1638    !!handler_zi        c_p.l(__scatter_zi.o)
    0x00000164   0x00000164   0x00000002   Code   RO         1263    .ARM.Collect$$_printf_percent$$00000000  c_p.l(_printf_percent.o)
    0x00000166   0x00000166   0x0000000a   Code   RO         1262    .ARM.Collect$$_printf_percent$$00000003  c_p.l(_printf_f.o)
    0x00000170   0x00000170   0x0000000a   Code   RO         1261    .ARM.Collect$$_printf_percent$$0000000A  c_p.l(_printf_u.o)
    0x0000017a   0x0000017a   0x0000000a   Code   RO         1260    .ARM.Collect$$_printf_percent$$00000014  c_p.l(_printf_s.o)
    0x00000184   0x00000184   0x00000004   Code   RO         1377    .ARM.Collect$$_printf_percent$$00000017  c_p.l(_printf_percent_end.o)
    0x00000188   0x00000188   0x00000002   Code   RO         1489    .ARM.Collect$$libinit$$00000000  c_p.l(libinit.o)
    0x0000018a   0x0000018a   0x00000000   Code   RO         1491    .ARM.Collect$$libinit$$00000002  c_p.l(libinit2.o)
    0x0000018a   0x0000018a   0x00000000   Code   RO         1493    .ARM.Collect$$libinit$$00000004  c_p.l(libinit2.o)
    0x0000018a   0x0000018a   0x00000000   Code   RO         1495    .ARM.Collect$$libinit$$00000006  c_p.l(libinit2.o)
    0x0000018a   0x0000018a   0x00000000   Code   RO         1498    .ARM.Collect$$libinit$$0000000C  c_p.l(libinit2.o)
    0x0000018a   0x0000018a   0x00000000   Code   RO         1500    .ARM.Collect$$libinit$$0000000E  c_p.l(libinit2.o)
    0x0000018a   0x0000018a   0x00000000   Code   RO         1502    .ARM.Collect$$libinit$$00000010  c_p.l(libinit2.o)
    0x0000018a   0x0000018a   0x00000006   Code   RO         1503    .ARM.Collect$$libinit$$00000011  c_p.l(libinit2.o)
    0x00000190   0x00000190   0x00000000   Code   RO         1505    .ARM.Collect$$libinit$$00000013  c_p.l(libinit2.o)
    0x00000190   0x00000190   0x00000000   Code   RO         1507    .ARM.Collect$$libinit$$00000015  c_p.l(libinit2.o)
    0x00000190   0x00000190   0x00000000   Code   RO         1509    .ARM.Collect$$libinit$$00000017  c_p.l(libinit2.o)
    0x00000190   0x00000190   0x0000000a   Code   RO         1510    .ARM.Collect$$libinit$$00000018  c_p.l(libinit2.o)
    0x0000019a   0x0000019a   0x00000000   Code   RO         1511    .ARM.Collect$$libinit$$00000019  c_p.l(libinit2.o)
    0x0000019a   0x0000019a   0x00000000   Code   RO         1513    .ARM.Collect$$libinit$$0000001B  c_p.l(libinit2.o)
    0x0000019a   0x0000019a   0x00000000   Code   RO         1515    .ARM.Collect$$libinit$$0000001D  c_p.l(libinit2.o)
    0x0000019a   0x0000019a   0x00000000   Code   RO         1517    .ARM.Collect$$libinit$$0000001F  c_p.l(libinit2.o)
    0x0000019a   0x0000019a   0x00000000   Code   RO         1519    .ARM.Collect$$libinit$$00000021  c_p.l(libinit2.o)
    0x0000019a   0x0000019a   0x00000000   Code   RO         1521    .ARM.Collect$$libinit$$00000023  c_p.l(libinit2.o)
    0x0000019a   0x0000019a   0x00000000   Code   RO         1523    .ARM.Collect$$libinit$$00000025  c_p.l(libinit2.o)
    0x0000019a   0x0000019a   0x00000000   Code   RO         1525    .ARM.Collect$$libinit$$00000027  c_p.l(libinit2.o)
    0x0000019a   0x0000019a   0x00000000   Code   RO         1529    .ARM.Collect$$libinit$$0000002E  c_p.l(libinit2.o)
    0x0000019a   0x0000019a   0x00000000   Code   RO         1531    .ARM.Collect$$libinit$$00000030  c_p.l(libinit2.o)
    0x0000019a   0x0000019a   0x00000000   Code   RO         1533    .ARM.Collect$$libinit$$00000032  c_p.l(libinit2.o)
    0x0000019a   0x0000019a   0x00000000   Code   RO         1535    .ARM.Collect$$libinit$$00000034  c_p.l(libinit2.o)
    0x0000019a   0x0000019a   0x00000002   Code   RO         1536    .ARM.Collect$$libinit$$00000035  c_p.l(libinit2.o)
    0x0000019c   0x0000019c   0x00000002   Code   RO         1598    .ARM.Collect$$libshutdown$$00000000  c_p.l(libshutdown.o)
    0x0000019e   0x0000019e   0x00000000   Code   RO         1616    .ARM.Collect$$libshutdown$$00000002  c_p.l(libshutdown2.o)
    0x0000019e   0x0000019e   0x00000000   Code   RO         1618    .ARM.Collect$$libshutdown$$00000004  c_p.l(libshutdown2.o)
    0x0000019e   0x0000019e   0x00000000   Code   RO         1621    .ARM.Collect$$libshutdown$$00000007  c_p.l(libshutdown2.o)
    0x0000019e   0x0000019e   0x00000000   Code   RO         1624    .ARM.Collect$$libshutdown$$0000000A  c_p.l(libshutdown2.o)
    0x0000019e   0x0000019e   0x00000000   Code   RO         1626    .ARM.Collect$$libshutdown$$0000000C  c_p.l(libshutdown2.o)
    0x0000019e   0x0000019e   0x00000000   Code   RO         1629    .ARM.Collect$$libshutdown$$0000000F  c_p.l(libshutdown2.o)
    0x0000019e   0x0000019e   0x00000002   Code   RO         1630    .ARM.Collect$$libshutdown$$00000010  c_p.l(libshutdown2.o)
    0x000001a0   0x000001a0   0x00000000   Code   RO         1358    .ARM.Collect$$rtentry$$00000000  c_p.l(__rtentry.o)
    0x000001a0   0x000001a0   0x00000000   Code   RO         1417    .ARM.Collect$$rtentry$$00000002  c_p.l(__rtentry2.o)
    0x000001a0   0x000001a0   0x00000006   Code   RO         1429    .ARM.Collect$$rtentry$$00000004  c_p.l(__rtentry4.o)
    0x000001a6   0x000001a6   0x00000000   Code   RO         1419    .ARM.Collect$$rtentry$$00000009  c_p.l(__rtentry2.o)
    0x000001a6   0x000001a6   0x00000004   Code   RO         1420    .ARM.Collect$$rtentry$$0000000A  c_p.l(__rtentry2.o)
    0x000001aa   0x000001aa   0x00000000   Code   RO         1422    .ARM.Collect$$rtentry$$0000000C  c_p.l(__rtentry2.o)
    0x000001aa   0x000001aa   0x00000008   Code   RO         1423    .ARM.Collect$$rtentry$$0000000D  c_p.l(__rtentry2.o)
    0x000001b2   0x000001b2   0x00000002   Code   RO         1542    .ARM.Collect$$rtexit$$00000000  c_p.l(rtexit.o)
    0x000001b4   0x000001b4   0x00000000   Code   RO         1563    .ARM.Collect$$rtexit$$00000002  c_p.l(rtexit2.o)
    0x000001b4   0x000001b4   0x00000004   Code   RO         1564    .ARM.Collect$$rtexit$$00000003  c_p.l(rtexit2.o)
    0x000001b8   0x000001b8   0x00000006   Code   RO         1565    .ARM.Collect$$rtexit$$00000004  c_p.l(rtexit2.o)
    0x000001be   0x000001be   0x00000002   PAD
    0x000001c0   0x000001c0   0x00000038   Code   RO         1266    .emb_text           c_p.l(rt_memcpy.o)
    0x000001f8   0x000001f8   0x00000030   Code   RO          777    .text               startup_mspm0g350x_uvision.o
    0x00000228   0x00000228   0x00000040   Code   RO         1232    .text               c_p.l(noretval__2snprintf.o)
    0x00000268   0x00000268   0x00000052   Code   RO         1236    .text               c_p.l(_printf_str.o)
    0x000002ba   0x000002ba   0x00000002   PAD
    0x000002bc   0x000002bc   0x0000006c   Code   RO         1238    .text               c_p.l(_printf_dec.o)
    0x00000328   0x00000328   0x00000160   Code   RO         1255    .text               c_p.l(__printf_ss_wp.o)
    0x00000488   0x00000488   0x000000a0   Code   RO         1264    .text               c_p.l(strncmp.o)
    0x00000528   0x00000528   0x00000012   Code   RO         1270    .text               c_p.l(aeabi_memset4.o)
    0x0000053a   0x0000053a   0x00000040   Code   RO         1272    .text               c_p.l(rt_memclr.o)
    0x0000057a   0x0000057a   0x00000002   PAD
    0x0000057c   0x0000057c   0x000001f8   Code   RO         1274    .text               c_p.l(aeabi_sdivfast.o)
    0x00000774   0x00000774   0x00000006   Code   RO         1282    .text               c_p.l(heapauxi.o)
    0x0000077a   0x0000077a   0x00000002   PAD
    0x0000077c   0x0000077c   0x0000007c   Code   RO         1286    .text               fz_ps.l(d2f.o)
    0x000007f8   0x000007f8   0x00000358   Code   RO         1288    .text               fz_ps.l(daddsub.o)
    0x00000b50   0x00000b50   0x00000448   Code   RO         1290    .text               fz_ps.l(ddiv.o)
    0x00000f98   0x00000f98   0x00000058   Code   RO         1293    .text               fz_ps.l(dflti.o)
    0x00000ff0   0x00000ff0   0x00000054   Code   RO         1295    .text               fz_ps.l(f2d.o)
    0x00001044   0x00001044   0x00000160   Code   RO         1327    .text               fz_ps.l(fdiv.o)
    0x000011a4   0x000011a4   0x00000030   Code   RO         1330    .text               fz_ps.l(ffixui.o)
    0x000011d4   0x000011d4   0x0000005e   Code   RO         1332    .text               fz_ps.l(fflti.o)
    0x00001232   0x00001232   0x00000016   Code   RO         1363    .text               c_p.l(_rserrno.o)
    0x00001248   0x00001248   0x000000b0   Code   RO         1365    .text               c_p.l(_printf_intcommon.o)
    0x000012f8   0x000012f8   0x00000414   Code   RO         1367    .text               c_p.l(_printf_fp_dec.o)
    0x0000170c   0x0000170c   0x00000030   Code   RO         1371    .text               c_p.l(_printf_char_common.o)
    0x0000173c   0x0000173c   0x00000010   Code   RO         1373    .text               c_p.l(_snputc.o)
    0x0000174c   0x0000174c   0x0000002e   Code   RO         1375    .text               c_p.l(_printf_char.o)
    0x0000177a   0x0000177a   0x00000028   Code   RO         1378    .text               c_p.l(rtudiv10.o)
    0x000017a2   0x000017a2   0x0000004c   Code   RO         1382    .text               fz_ps.l(ffixi.o)
    0x000017ee   0x000017ee   0x00000002   PAD
    0x000017f0   0x000017f0   0x00000080   Code   RO         1388    .text               fz_ps.l(frnd.o)
    0x00001870   0x00001870   0x00000044   Code   RO         1390    .text               fz_ps.l(fscalbn.o)
    0x000018b4   0x000018b4   0x00000090   Code   RO         1392    .text               fz_ps.l(fsqrt.o)
    0x00001944   0x00001944   0x00000008   Code   RO         1436    .text               c_p.l(rt_locale_intlibspace.o)
    0x0000194c   0x0000194c   0x00000008   Code   RO         1441    .text               c_p.l(rt_errno_addr_intlibspace.o)
    0x00001954   0x00001954   0x0000007a   Code   RO         1443    .text               c_p.l(lludiv10.o)
    0x000019ce   0x000019ce   0x00000002   PAD
    0x000019d0   0x000019d0   0x00000088   Code   RO         1445    .text               c_p.l(_printf_fp_infnan.o)
    0x00001a58   0x00001a58   0x000000d8   Code   RO         1449    .text               c_p.l(bigflt0.o)
    0x00001b30   0x00001b30   0x00000580   Code   RO         1452    .text               c_p.l(btod.o)
    0x000020b0   0x000020b0   0x00000064   Code   RO         1462    .text               fz_ps.l(fcmpin.o)
    0x00002114   0x00002114   0x00000008   Code   RO         1468    .text               c_p.l(libspace.o)
    0x0000211c   0x0000211c   0x0000003e   Code   RO         1471    .text               c_p.l(sys_stackheap_outer.o)
    0x0000215a   0x0000215a   0x00000010   Code   RO         1476    .text               c_p.l(exit.o)
    0x0000216a   0x0000216a   0x00000002   PAD
    0x0000216c   0x0000216c   0x000000b0   Code   RO         1482    .text               c_p.l(strcmpv6m.o)
    0x0000221c   0x0000221c   0x0000002e   Code   RO         1537    .text               fz_ps.l(cmpret.o)
    0x0000224a   0x0000224a   0x00000002   PAD
    0x0000224c   0x0000224c   0x00000010   Code   RO         1539    .text               fz_ps.l(fnan2.o)
    0x0000225c   0x0000225c   0x0000005e   Code   RO         1556    .text               fz_ps.l(retnan.o)
    0x000022ba   0x000022ba   0x00000002   PAD
    0x000022bc   0x000022bc   0x0000000c   Code   RO         1558    .text               c_p.l(sys_exit.o)
    0x000022c8   0x000022c8   0x00000002   Code   RO         1585    .text               c_p.l(use_no_semi.o)
    0x000022ca   0x000022ca   0x00000000   Code   RO         1587    .text               c_p.l(indicate_semi.o)
    0x000022ca   0x000022ca   0x00000002   PAD
    0x000022cc   0x000022cc   0x00000620   Code   RO         1070    .text.BMI088_Init   bmi088_mspm0.o
    0x000028ec   0x000028ec   0x00000180   Code   RO         1072    .text.BMI088_Read   bmi088_mspm0.o
    0x00002a6c   0x00002a6c   0x0000000a   Code   RO         1056    .text.BMI088_ReadAccelChipId  bmi088_mspm0.o
    0x00002a76   0x00002a76   0x0000000a   Code   RO         1060    .text.BMI088_ReadGyroChipId  bmi088_mspm0.o
    0x00002a80   0x00002a80   0x00000040   Code   RO         1074    .text.BMI088_ReadTemperatureRaw  bmi088_mspm0.o
    0x00002ac0   0x00002ac0   0x00000368   Code   RO         1064    .text.BMI088_StartupCalibrate  bmi088_mspm0.o
    0x00002e28   0x00002e28   0x000008ac   Code   RO         1099    .text.BMI270_Init   bmi270_mspm0.o
    0x000036d4   0x000036d4   0x00000158   Code   RO         1103    .text.BMI270_Read   bmi270_mspm0.o
    0x0000382c   0x0000382c   0x00000016   Code   RO         1093    .text.BMI270_ReadChipId  bmi270_mspm0.o
    0x00003842   0x00003842   0x00000002   PAD
    0x00003844   0x00003844   0x0000003c   Code   RO         1107    .text.BMI270_ReadTemperature  bmi270_mspm0.o
    0x00003880   0x00003880   0x00000040   Code   RO          965    .text.Board_EnableInterrupts  board_mspm0.o
    0x000038c0   0x000038c0   0x00000040   Code   RO          969    .text.Board_HandleGroup1Irq  board_mspm0.o
    0x00003900   0x00003900   0x00000028   Code   RO          971    .text.Board_HandleNmi  board_mspm0.o
    0x00003928   0x00003928   0x00000008   Code   RO          963    .text.Board_InitHardware  board_mspm0.o
    0x00003930   0x00003930   0x00000028   Code   RO          967    .text.Board_ResetAfterSave  board_mspm0.o
    0x00003958   0x00003958   0x0000000a   Code   RO           51    .text.DL_Common_delayCycles  dl_common.o
    0x00003962   0x00003962   0x00000002   PAD
    0x00003964   0x00003964   0x00000040   Code   RO           97    .text.DL_DMA_initChannel  dl_dma.o
    0x000039a4   0x000039a4   0x00000014   Code   RO          109    .text.DL_FlashCTL_eraseMemoryFromRAM  dl_flashctl.o
    0x000039b8   0x000039b8   0x00000080   Code   RO          187    .text.DL_FlashCTL_programMemoryBlockingFromRAM64WithECCGenerated  dl_flashctl.o
    0x00003a38   0x00003a38   0x00000014   Code   RO          199    .text.DL_FlashCTL_protectMainMemory  dl_flashctl.o
    0x00003a4c   0x00003a4c   0x000000c8   Code   RO          185    .text.DL_FlashCTL_unprotectSector  dl_flashctl.o
    0x00003b14   0x00003b14   0x00000044   Code   RO          511    .text.DL_SPI_init   dl_spi.o
    0x00003b58   0x00003b58   0x00000018   Code   RO          517    .text.DL_SPI_receiveDataBlocking8  dl_spi.o
    0x00003b70   0x00003b70   0x00000012   Code   RO          513    .text.DL_SPI_setClockConfig  dl_spi.o
    0x00003b82   0x00003b82   0x00000002   PAD
    0x00003b84   0x00003b84   0x00000018   Code   RO          523    .text.DL_SPI_transmitDataBlocking8  dl_spi.o
    0x00003b9c   0x00003b9c   0x000000c4   Code   RO          743    .text.DL_SYSCTL_configSYSPLL  dl_sysctl_mspm0g1x0x_g3x0x.o
    0x00003c60   0x00003c60   0x00000050   Code   RO          757    .text.DL_SYSCTL_setHFCLKSourceHFXTParams  dl_sysctl_mspm0g1x0x_g3x0x.o
    0x00003cb0   0x00003cb0   0x00000028   Code   RO          751    .text.DL_SYSCTL_switchMCLKfromSYSOSCtoHSCLK  dl_sysctl_mspm0g1x0x_g3x0x.o
    0x00003cd8   0x00003cd8   0x00000084   Code   RO          643    .text.DL_TimerA_initPWMMode  dl_timer.o
    0x00003d5c   0x00003d5c   0x000000d4   Code   RO          587    .text.DL_Timer_initPWMMode  dl_timer.o
    0x00003e30   0x00003e30   0x000000ec   Code   RO          569    .text.DL_Timer_initTimerMode  dl_timer.o
    0x00003f1c   0x00003f1c   0x0000001c   Code   RO          617    .text.DL_Timer_setCaptCompUpdateMethod  dl_timer.o
    0x00003f38   0x00003f38   0x00000018   Code   RO          591    .text.DL_Timer_setCaptureCompareOutCtl  dl_timer.o
    0x00003f50   0x00003f50   0x00000010   Code   RO          571    .text.DL_Timer_setCaptureCompareValue  dl_timer.o
    0x00003f60   0x00003f60   0x0000001c   Code   RO          565    .text.DL_Timer_setClockConfig  dl_timer.o
    0x00003f7c   0x00003f7c   0x00000084   Code   RO          682    .text.DL_UART_configBaudRate  dl_uart.o
    0x00004000   0x00004000   0x00000048   Code   RO          676    .text.DL_UART_init  dl_uart.o
    0x00004048   0x00004048   0x00000012   Code   RO          678    .text.DL_UART_setClockConfig  dl_uart.o
    0x0000405a   0x0000405a   0x00000008   Code   RO          983    .text.GROUP1_IRQHandler  interrupt_mspm0.o
    0x00004062   0x00004062   0x00000002   PAD
    0x00004064   0x00004064   0x00000024   Code   RO          949    .text.GyroBias_Apply  flash_storage.o
    0x00004088   0x00004088   0x000001e0   Code   RO          951    .text.GyroBias_CalibrateWithService  flash_storage.o
    0x00004268   0x00004268   0x000000ac   Code   RO          840    .text.GyroBias_CalibrationProgress  task_serial.o
    0x00004314   0x00004314   0x00000010   Code   RO         1018    .text.ImuAttitude_BMI088AccelToBoard  imu_attitude.o
    0x00004324   0x00004324   0x0000001c   Code   RO         1014    .text.ImuAttitude_BMI270AccelToBoard  imu_attitude.o
    0x00004340   0x00004340   0x000000d8   Code   RO         1020    .text.ImuAttitude_Init  imu_attitude.o
    0x00004418   0x00004418   0x0000000c   Code   RO         1022    .text.ImuAttitude_SetDebugMode  imu_attitude.o
    0x00004424   0x00004424   0x000000f8   Code   RO         1024    .text.ImuAttitude_SetInitialAccel  imu_attitude.o
    0x0000451c   0x0000451c   0x000004e4   Code   RO         1026    .text.ImuAttitude_Update  imu_attitude.o
    0x00004a00   0x00004a00   0x0000005c   Code   RO         1028    .text.ImuAttitude_UpdateOutput  imu_attitude.o
    0x00004a5c   0x00004a5c   0x00000046   Code   RO         1140    .text.Mahony_Init   mahony_filter.o
    0x00004aa2   0x00004aa2   0x00000028   Code   RO         1136    .text.Mahony_Output  mahony_filter.o
    0x00004aca   0x00004aca   0x0000011a   Code   RO         1134    .text.Mahony_RotationMatrixUpdate  mahony_filter.o
    0x00004be4   0x00004be4   0x0000019c   Code   RO         1138    .text.Mahony_SetFromAccel  mahony_filter.o
    0x00004d80   0x00004d80   0x0000001c   Code   RO         1146    .text.Mahony_UpdateFast  mahony_filter.o
    0x00004d9c   0x00004d9c   0x00000010   Code   RO         1152    .text.Mahony_UpdateGyroOnlyFast  mahony_filter.o
    0x00004dac   0x00004dac   0x00000008   Code   RO          991    .text.NMI_Handler   interrupt_mspm0.o
    0x00004db4   0x00004db4   0x000000b8   Code   RO          941    .text.RuntimeConfig_Load  flash_storage.o
    0x00004e6c   0x00004e6c   0x000001a4   Code   RO          945    .text.RuntimeConfig_Save  flash_storage.o
    0x00005010   0x00005010   0x00000030   Code   RO          798    .text.RuntimeState_BaudRateIsSupported  runtime_state.o
    0x00005040   0x00005040   0x0000001c   Code   RO          810    .text.RuntimeState_ClearImuRuntimeStats  runtime_state.o
    0x0000505c   0x0000505c   0x0000000a   Code   RO          808    .text.RuntimeState_ClearImuUpdates  runtime_state.o
    0x00005066   0x00005066   0x00000032   Code   RO          794    .text.RuntimeState_LoadConfig  runtime_state.o
    0x00005098   0x00005098   0x00000010   Code   RO          800    .text.RuntimeState_OnSysTick  runtime_state.o
    0x000050a8   0x000050a8   0x00000008   Code   RO          802    .text.RuntimeState_OnTemperatureTick  runtime_state.o
    0x000050b0   0x000050b0   0x00000018   Code   RO          804    .text.RuntimeState_TakeTemperatureUpdate  runtime_state.o
    0x000050c8   0x000050c8   0x00000026   Code   RO          796    .text.RuntimeState_UpdateReportRate  runtime_state.o
    0x000050ee   0x000050ee   0x00000004   Code   RO          812    .text.RuntimeState_WaitForInterrupt  runtime_state.o
    0x000050f2   0x000050f2   0x00000002   PAD
    0x000050f4   0x000050f4   0x000000c8   Code   RO         1166    .text.SYSCFG_DL_GPIO_init  ti_msp_dl_config.o
    0x000051bc   0x000051bc   0x00000070   Code   RO         1174    .text.SYSCFG_DL_PWM_Buzzer_init  ti_msp_dl_config.o
    0x0000522c   0x0000522c   0x00000098   Code   RO         1172    .text.SYSCFG_DL_PWM_Motors_init  ti_msp_dl_config.o
    0x000052c4   0x000052c4   0x00000048   Code   RO         1188    .text.SYSCFG_DL_SPI_BMI088_init  ti_msp_dl_config.o
    0x0000530c   0x0000530c   0x0000004c   Code   RO         1186    .text.SYSCFG_DL_SPI_Bmi270_init  ti_msp_dl_config.o
    0x00005358   0x00005358   0x00000018   Code   RO         1170    .text.SYSCFG_DL_SYSCTL_CLK_init  ti_msp_dl_config.o
    0x00005370   0x00005370   0x0000008c   Code   RO         1168    .text.SYSCFG_DL_SYSCTL_init  ti_msp_dl_config.o
    0x000053fc   0x000053fc   0x00000030   Code   RO         1190    .text.SYSCFG_DL_SYSTICK_init  ti_msp_dl_config.o
    0x0000542c   0x0000542c   0x00000038   Code   RO         1176    .text.SYSCFG_DL_TIMERA1_10hz_init  ti_msp_dl_config.o
    0x00005464   0x00005464   0x00000038   Code   RO         1182    .text.SYSCFG_DL_TIMERG6_1000hz_init  ti_msp_dl_config.o
    0x0000549c   0x0000549c   0x00000038   Code   RO         1178    .text.SYSCFG_DL_TIMERG7_200hz_init  ti_msp_dl_config.o
    0x000054d4   0x000054d4   0x00000038   Code   RO         1180    .text.SYSCFG_DL_TIMERG8_100hz_init  ti_msp_dl_config.o
    0x0000550c   0x0000550c   0x00000070   Code   RO         1184    .text.SYSCFG_DL_UART_OUT_init  ti_msp_dl_config.o
    0x0000557c   0x0000557c   0x00000074   Code   RO         1162    .text.SYSCFG_DL_init  ti_msp_dl_config.o
    0x000055f0   0x000055f0   0x00000094   Code   RO         1164    .text.SYSCFG_DL_initPower  ti_msp_dl_config.o
    0x00005684   0x00005684   0x00000008   Code   RO          981    .text.SysTick_Handler  interrupt_mspm0.o
    0x0000568c   0x0000568c   0x00000020   Code   RO          989    .text.TIMG6_IRQHandler  interrupt_mspm0.o
    0x000056ac   0x000056ac   0x0000001c   Code   RO          987    .text.TIMG8_IRQHandler  interrupt_mspm0.o
    0x000056c8   0x000056c8   0x00000104   Code   RO          868    .text.TaskIMU_AlignInitialAttitude  task_imu.o
    0x000057cc   0x000057cc   0x00000020   Code   RO          866    .text.TaskIMU_EnableInterruptUpdate  task_imu.o
    0x000057ec   0x000057ec   0x00000036   Code   RO          872    .text.TaskIMU_HaveAlarm  task_imu.o
    0x00005822   0x00005822   0x00000002   PAD
    0x00005824   0x00005824   0x00000278   Code   RO          864    .text.TaskIMU_Init  task_imu.o
    0x00005a9c   0x00005a9c   0x00000080   Code   RO          882    .text.TaskIMU_ServiceReport  task_imu.o
    0x00005b1c   0x00005b1c   0x00000074   Code   RO          878    .text.TaskIMU_UpdateFromInterrupt  task_imu.o
    0x00005b90   0x00005b90   0x000001a8   Code   RO          876    .text.TaskIMU_WriteAngles  task_imu.o
    0x00005d38   0x00005d38   0x00000018   Code   RO          925    .text.TaskLED_Init  task_led.o
    0x00005d50   0x00005d50   0x00000014   Code   RO          927    .text.TaskLED_Set   task_led.o
    0x00005d64   0x00005d64   0x00000050   Code   RO          929    .text.TaskLED_UpdateSystemStatus  task_led.o
    0x00005db4   0x00005db4   0x00000128   Code   RO          826    .text.TaskSerial_ApplyBaud  task_serial.o
    0x00005edc   0x00005edc   0x0000011c   Code   RO          830    .text.TaskSerial_CollectRx  task_serial.o
    0x00005ff8   0x00005ff8   0x00000e64   Code   RO          838    .text.TaskSerial_PollCommand  task_serial.o
    0x00006e5c   0x00006e5c   0x00000060   Code   RO          828    .text.TaskSerial_Write  task_serial.o
    0x00006ebc   0x00006ebc   0x0000002c   Code   RO          908    .text.TaskTemperature_CalibrationService  task_temperature.o
    0x00006ee8   0x00006ee8   0x0000005c   Code   RO          910    .text.TaskTemperature_HaveFault  task_temperature.o
    0x00006f44   0x00006f44   0x00000090   Code   RO          896    .text.TaskTemperature_Init  task_temperature.o
    0x00006fd4   0x00006fd4   0x0000007e   Code   RO          912    .text.TaskTemperature_IsReady  task_temperature.o
    0x00007052   0x00007052   0x00000002   PAD
    0x00007054   0x00007054   0x00000128   Code   RO          902    .text.TaskTemperature_SampleSensorsFromInterrupt  task_temperature.o
    0x0000717c   0x0000717c   0x00000160   Code   RO          904    .text.TaskTemperature_Update100Hz  task_temperature.o
    0x000072dc   0x000072dc   0x00000010   Code   RO          985    .text.UART2_IRQHandler  interrupt_mspm0.o
    0x000072ec   0x000072ec   0x00000084   Code   RO         1066    .text.accel_read_multi_reg  bmi088_mspm0.o
    0x00007370   0x00007370   0x0000006c   Code   RO         1058    .text.accel_read_single_reg  bmi088_mspm0.o
    0x000073dc   0x000073dc   0x0000005c   Code   RO         1078    .text.accel_write_single_reg  bmi088_mspm0.o
    0x00007438   0x00007438   0x000000d0   Code   RO         1030    .text.bmi088_attitude_update_output  imu_attitude.o
    0x00007508   0x00007508   0x000000a4   Code   RO          898    .text.bmi088_heater_set_duty  task_temperature.o
    0x000075ac   0x000075ac   0x000000ac   Code   RO          900    .text.bmi270_heater_set_duty  task_temperature.o
    0x00007658   0x00007658   0x000000fc   Code   RO         1117    .text.calibrate_gyro_offset  bmi270_mspm0.o
    0x00007754   0x00007754   0x000000b8   Code   RO         1115    .text.capture_config_status  bmi270_mspm0.o
    0x0000780c   0x0000780c   0x0000016c   Code   RO          842    .text.command_save_and_reset  task_serial.o
    0x00007978   0x00007978   0x000000f0   Code   RO          943    .text.config_sanitize  flash_storage.o
    0x00007a68   0x00007a68   0x000000d8   Code   RO         1111    .text.enter_config_load_mode  bmi270_mspm0.o
    0x00007b40   0x00007b40   0x00000060   Code   RO         1068    .text.gyro_read_multi_reg  bmi088_mspm0.o
    0x00007ba0   0x00007ba0   0x00000054   Code   RO         1062    .text.gyro_read_single_reg  bmi088_mspm0.o
    0x00007bf4   0x00007bf4   0x0000005c   Code   RO         1080    .text.gyro_write_single_reg  bmi088_mspm0.o
    0x00007c50   0x00007c50   0x00000128   Code   RO          906    .text.heater_pid_update  task_temperature.o
    0x00007d78   0x00007d78   0x00000254   Code   RO         1150    .text.mahony_update_gyro_only_internal  mahony_filter.o
    0x00007fcc   0x00007fcc   0x00000404   Code   RO         1144    .text.mahony_update_internal  mahony_filter.o
    0x000083d0   0x000083d0   0x00000094   Code   RO          784    .text.main          main.o
    0x00008464   0x00008464   0x000000c0   Code   RO         1101    .text.read_chip_id_retry  bmi270_mspm0.o
    0x00008524   0x00008524   0x0000008c   Code   RO         1105    .text.read_regs     bmi270_mspm0.o
    0x000085b0   0x000085b0   0x0000016c   Code   RO          947    .text.record_is_valid  flash_storage.o
    0x0000871c   0x0000871c   0x00000110   Code   RO         1032    .text.update_axis   imu_attitude.o
    0x0000882c   0x0000882c   0x000000c8   Code   RO         1113    .text.upload_config_file  bmi270_mspm0.o
    0x000088f4   0x000088f4   0x0000006c   Code   RO         1109    .text.write_regs    bmi270_mspm0.o
    0x00008960   0x00008960   0x000001f6   Code   RO         1275    .text_divfast       c_p.l(aeabi_sdivfast.o)
    0x00008b56   0x00008b56   0x00000002   PAD
    0x00008b58   0x00008b58   0x0000000c   Ven    RO         1640    Veneer$$Code        anon$$obj.o
    0x00008b64   0x00008b64   0x00000030   Code   RO         1455    i.__ARM_common_ll_muluu  c_p.l(btod.o)
    0x00008b94   0x00008b94   0x0000002c   Code   RO         1466    i.__ARM_fpclassify  m_ps.l(fpclassify.o)
    0x00008bc0   0x00008bc0   0x00000022   Code   RO         1395    i.__ARM_fpclassifyf  m_ps.l(fpclassifyf.o)
    0x00008be2   0x00008be2   0x0000000a   Code   RO         1398    i.__mathlib_flt_infnan  m_ps.l(funder.o)
    0x00008bec   0x00008bec   0x00000008   Code   RO         1399    i.__mathlib_flt_infnan2  m_ps.l(funder.o)
    0x00008bf4   0x00008bf4   0x0000000c   Code   RO         1400    i.__mathlib_flt_invalid  m_ps.l(funder.o)
    0x00008c00   0x00008c00   0x0000000e   Code   RO         1403    i.__mathlib_flt_underflow  m_ps.l(funder.o)
    0x00008c0e   0x00008c0e   0x00000002   PAD
    0x00008c10   0x00008c10   0x00000180   Code   RO         1411    i.__mathlib_rredf2  m_ps.l(rredf.o)
    0x00008d90   0x00008d90   0x00000016   Code   RO         1309    i._feq              fz_ps.l(fcmp.o)
    0x00008da6   0x00008da6   0x00000016   Code   RO         1310    i._fgeq             fz_ps.l(fcmp.o)
    0x00008dbc   0x00008dbc   0x00000016   Code   RO         1311    i._fgr              fz_ps.l(fcmp.o)
    0x00008dd2   0x00008dd2   0x0000001a   Code   RO         1312    i._fleq             fz_ps.l(fcmp.o)
    0x00008dec   0x00008dec   0x00000016   Code   RO         1313    i._fls              fz_ps.l(fcmp.o)
    0x00008e02   0x00008e02   0x0000000e   Code   RO         1250    i._is_digit         c_p.l(__printf_wp.o)
    0x00008e10   0x00008e10   0x00000118   Code   RO         1339    i.asinf             m_ps.l(asinf.o)
    0x00008f28   0x00008f28   0x0000029c   Code   RO         1343    i.atan2f            m_ps.l(atan2f.o)
    0x000091c4   0x000091c4   0x00000178   Code   RO         1347    i.cosf              m_ps.l(cosf.o)
    0x0000933c   0x0000933c   0x00000184   Code   RO         1351    i.sinf              m_ps.l(sinf.o)
    0x000094c0   0x000094c0   0x0000002c   Code   RO         1355    i.sqrtf             m_ps.l(sqrtf.o)
    0x000094ec   0x000094ec   0x0000002c   Code   RO         1460    locale$$code        c_p.l(lc_numeric_c.o)
    0x00009518   0x00009518   0x0000008c   Code   RO         1297    x$fpl$fadd          fz_ps.l(faddsub.o)
    0x000095a4   0x000095a4   0x00000054   Code   RO         1380    x$fpl$feqf          fz_ps.l(feqf.o)
    0x000095f8   0x000095f8   0x00000054   Code   RO         1384    x$fpl$fgeqf         fz_ps.l(fgef.o)
    0x0000964c   0x0000964c   0x00000054   Code   RO         1386    x$fpl$fleqf         fz_ps.l(flef.o)
    0x000096a0   0x000096a0   0x000000b0   Code   RO         1334    x$fpl$fmul          fz_ps.l(fmul.o)
    0x00009750   0x00009750   0x00000018   Code   RO         1298    x$fpl$frsb          fz_ps.l(faddsub.o)
    0x00009768   0x00009768   0x000000d0   Code   RO         1299    x$fpl$fsub          fz_ps.l(faddsub.o)
    0x00009838   0x00009838   0x00000010   Code   RO         1336    x$fpl$printf1       fz_ps.l(printf1.o)
    0x00009848   0x00009848   0x00000000   Code   RO         1394    x$fpl$usenofp       fz_ps.l(usenofp.o)
    0x00009848   0x00009848   0x00000080   Data   RO         1291    .constdata          fz_ps.l(ddiv.o)
    0x000098c8   0x000098c8   0x00000040   Data   RO         1328    .constdata          fz_ps.l(fdiv.o)
    0x00009908   0x00009908   0x00000020   Data   RO         1412    .constdata          m_ps.l(rredf.o)
    0x00009928   0x00009928   0x00000094   Data   RO         1450    .constdata          c_p.l(bigflt0.o)
    0x000099bc   0x000099bc   0x00000012   Data   RO         1083    .rodata.accel_init_table  bmi088_mspm0.o
    0x000099ce   0x000099ce   0x00002000   Data   RO         1124    .rodata.gBmi220ConfigFile  bmi270_mspm0.o
    0x0000b9ce   0x0000b9ce   0x00002000   Data   RO         1125    .rodata.gBmi270ConfigFile  bmi270_mspm0.o
    0x0000d9ce   0x0000d9ce   0x00000003   Data   RO         1205    .rodata.gPWM_BuzzerClockConfig  ti_msp_dl_config.o
    0x0000d9d1   0x0000d9d1   0x00000003   PAD
    0x0000d9d4   0x0000d9d4   0x00000008   Data   RO         1206    .rodata.gPWM_BuzzerConfig  ti_msp_dl_config.o
    0x0000d9dc   0x0000d9dc   0x00000003   Data   RO         1203    .rodata.gPWM_MotorsClockConfig  ti_msp_dl_config.o
    0x0000d9df   0x0000d9df   0x00000001   PAD
    0x0000d9e0   0x0000d9e0   0x00000008   Data   RO         1204    .rodata.gPWM_MotorsConfig  ti_msp_dl_config.o
    0x0000d9e8   0x0000d9e8   0x00000002   Data   RO         1219    .rodata.gSPI_BMI088_clockConfig  ti_msp_dl_config.o
    0x0000d9ea   0x0000d9ea   0x0000000a   Data   RO         1220    .rodata.gSPI_BMI088_config  ti_msp_dl_config.o
    0x0000d9f4   0x0000d9f4   0x00000002   Data   RO         1217    .rodata.gSPI_Bmi270_clockConfig  ti_msp_dl_config.o
    0x0000d9f6   0x0000d9f6   0x0000000a   Data   RO         1218    .rodata.gSPI_Bmi270_config  ti_msp_dl_config.o
    0x0000da00   0x0000da00   0x00000028   Data   RO         1202    .rodata.gSYSPLLConfig  ti_msp_dl_config.o
    0x0000da28   0x0000da28   0x00000003   Data   RO         1207    .rodata.gTIMERA1_10hzClockConfig  ti_msp_dl_config.o
    0x0000da2b   0x0000da2b   0x00000001   PAD
    0x0000da2c   0x0000da2c   0x00000014   Data   RO         1208    .rodata.gTIMERA1_10hzTimerConfig  ti_msp_dl_config.o
    0x0000da40   0x0000da40   0x00000003   Data   RO         1213    .rodata.gTIMERG6_1000hzClockConfig  ti_msp_dl_config.o
    0x0000da43   0x0000da43   0x00000001   PAD
    0x0000da44   0x0000da44   0x00000014   Data   RO         1214    .rodata.gTIMERG6_1000hzTimerConfig  ti_msp_dl_config.o
    0x0000da58   0x0000da58   0x00000003   Data   RO         1209    .rodata.gTIMERG7_200hzClockConfig  ti_msp_dl_config.o
    0x0000da5b   0x0000da5b   0x00000001   PAD
    0x0000da5c   0x0000da5c   0x00000014   Data   RO         1210    .rodata.gTIMERG7_200hzTimerConfig  ti_msp_dl_config.o
    0x0000da70   0x0000da70   0x00000003   Data   RO         1211    .rodata.gTIMERG8_100hzClockConfig  ti_msp_dl_config.o
    0x0000da73   0x0000da73   0x00000001   PAD
    0x0000da74   0x0000da74   0x00000014   Data   RO         1212    .rodata.gTIMERG8_100hzTimerConfig  ti_msp_dl_config.o
    0x0000da88   0x0000da88   0x00000002   Data   RO         1215    .rodata.gUART_OUTClockConfig  ti_msp_dl_config.o
    0x0000da8a   0x0000da8a   0x0000000a   Data   RO         1216    .rodata.gUART_OUTConfig  ti_msp_dl_config.o
    0x0000da94   0x0000da94   0x00000012   Data   RO         1084    .rodata.gyro_init_table  bmi088_mspm0.o
    0x0000daa6   0x0000daa6   0x00000211   Data   RO          854    .rodata.str1.1      task_serial.o
    0x0000dcb7   0x0000dcb7   0x00000001   PAD
    0x0000dcb8   0x0000dcb8   0x0000009d   Data   RO          855    .rodata.str1.4      task_serial.o
    0x0000dd55   0x0000dd55   0x00000003   PAD
    0x0000dd58   0x0000dd58   0x00000020   Data   RO         1631    Region$$Table       anon$$obj.o
    0x0000dd78   0x0000dd78   0x0000001c   Data   RO         1459    locale$$data        c_p.l(lc_numeric_c.o)


    Execution Region RW_IRAM2 (Exec base: 0x20200000, Load base: 0x0000dd98, Size: 0x00002b20, Max: 0x00008000, ABSOLUTE)

    Exec Addr    Load Addr    Size         Type   Attr      Idx    E Section Name        Object

    0x20200000   0x0000dd98   0x0000001c   Code   RO          111    .ramfunc            dl_flashctl.o
    0x2020001c   0x0000ddb4   0x00000004   PAD
    0x20200020        -       0x00000060   Zero   RW         1469    .bss                c_p.l(libspace.o)
    0x20200080        -       0x00000068   Zero   RW         1036    .bss.BMI088         imu_attitude.o
    0x202000e8        -       0x0000000c   Zero   RW         1039    .bss.BMI088BoardAccel  imu_attitude.o
    0x202000f4        -       0x0000000c   Zero   RW         1040    .bss.BMI088BoardGyro  imu_attitude.o
    0x20200100        -       0x0000004c   Zero   RW         1082    .bss.BMI088Sensor   bmi088_mspm0.o
    0x2020014c        -       0x0000001c   Zero   RW         1035    .bss.BMI270         imu_attitude.o
    0x20200168        -       0x0000000c   Zero   RW         1041    .bss.BMI270BoardAccel  imu_attitude.o
    0x20200174        -       0x0000000c   Zero   RW         1042    .bss.BMI270BoardGyro  imu_attitude.o
    0x20200180        -       0x00000038   Zero   RW         1120    .bss.BMI270Sensor   bmi270_mspm0.o
    0x202001b8        -       0x00000010   Zero   RW         1119    .bss.BMI270_Debug   bmi270_mspm0.o
    0x202001c8        -       0x00000080   Zero   RW         1122    .bss.BMI270_RegDumpAfterConfig  bmi270_mspm0.o
    0x20200248        -       0x00000080   Zero   RW         1123    .bss.BMI270_RegDumpAfterPower  bmi270_mspm0.o
    0x202002c8        -       0x00000080   Zero   RW         1121    .bss.BMI270_RegDumpAfterReset  bmi270_mspm0.o
    0x20200348        -       0x0000000c   Zero   RW         1038    .bss.DualGyroKalman_Accel  imu_attitude.o
    0x20200354        -       0x0000000c   Zero   RW         1037    .bss.DualGyroKalman_Omega  imu_attitude.o
    0x20200360        -       0x00000001   Zero   RW          916    .bss.TaskTemperature_CalibrationService.update_divider  task_temperature.o
    0x20200361        -       0x00000001   Zero   RW          914    .bss.TaskTemperature_SampleSensorsFromInterrupt.divider  task_temperature.o
    0x20200362        -       0x00000001   Zero   RW          915    .bss.TaskTemperature_Update100Hz.control_divider  task_temperature.o
    0x20200363   0x0000ddb4   0x00000001   PAD
    0x20200364        -       0x0000001c   Zero   RW         1043    .bss.VirtualIMU     imu_attitude.o
    0x20200380        -       0x00000070   Zero   RW         1045    .bss.gBmi270Mahony  imu_attitude.o
    0x202003f0        -       0x00000001   Zero   RW          850    .bss.gCommandOverflow  task_serial.o
    0x202003f1        -       0x000000c0   Zero   RW          848    .bss.gCommandQueue  task_serial.o
    0x202004b1        -       0x00000001   Zero   RW          847    .bss.gCommandQueueCount  task_serial.o
    0x202004b2        -       0x00000001   Zero   RW          853    .bss.gCommandQueueHead  task_serial.o
    0x202004b3        -       0x00000001   Zero   RW          849    .bss.gCommandQueueTail  task_serial.o
    0x202004b4        -       0x0000009c   Zero   RW         1046    .bss.gDualGyroKalman  imu_attitude.o
    0x20200550        -       0x00000070   Zero   RW         1047    .bss.gFusedMahony   imu_attitude.o
    0x202005c0        -       0x00000001   Zero   RW          885    .bss.gImuInterruptBusy  task_imu.o
    0x202005c1        -       0x00000001   Zero   RW          884    .bss.gImuInterruptUpdateEnabled  task_imu.o
    0x202005c2        -       0x00000001   Zero   RW          886    .bss.gImuReportPending  task_imu.o
    0x202005c3   0x0000ddb4   0x00000001   PAD
    0x202005c4        -       0x00000010   Zero   RW          816    .bss.gImuRuntimeStats  runtime_state.o
    0x202005d4        -       0x00000070   Zero   RW         1044    .bss.gMahony        imu_attitude.o
    0x20200644        -       0x000000bc   Zero   RW         1196    .bss.gPWM_MotorsBackup  ti_msp_dl_config.o
    0x20200700        -       0x00000001   Zero   RW          815    .bss.gPendingTemperatureUpdate  runtime_state.o
    0x20200701        -       0x00000001   Zero   RW         1034    .bss.gRealImuAttitudeSolversEnabled  imu_attitude.o
    0x20200702   0x0000ddb4   0x00000002   PAD
    0x20200704        -       0x00000060   Zero   RW          817    .bss.gRuntimeState  runtime_state.o
    0x20200764        -       0x00000001   Zero   RW          851    .bss.gRxIndex       task_serial.o
    0x20200765        -       0x00000030   Zero   RW          852    .bss.gRxLine        task_serial.o
    0x20200795   0x0000ddb4   0x00000003   PAD
    0x20200798        -       0x00000028   Zero   RW         1201    .bss.gSPI_BMI088Backup  ti_msp_dl_config.o
    0x202007c0        -       0x00000028   Zero   RW         1200    .bss.gSPI_Bmi270Backup  ti_msp_dl_config.o
    0x202007e8        -       0x00000004   Zero   RW          814    .bss.gSystemTickMs  runtime_state.o
    0x202007ec        -       0x000000bc   Zero   RW         1197    .bss.gTIMERA1_10hzBackup  ti_msp_dl_config.o
    0x202008a8        -       0x00000078   Zero   RW         1199    .bss.gTIMERG6_1000hzBackup  ti_msp_dl_config.o
    0x20200920        -       0x00000078   Zero   RW         1198    .bss.gTIMERG7_200hzBackup  ti_msp_dl_config.o
    0x20200998        -       0x00000100   Zero   RW          846    .bss.gUartDmaRxBuffer  task_serial.o
    0x20200a98        -       0x00000002   Zero   RW          845    .bss.gUartDmaRxReadIndex  task_serial.o
    0x20200a9a        -       0x00000080   Zero   RW          844    .bss.gUartDmaTxBuffer  task_serial.o
    0x20200b1a        -       0x00000002   Zero   RW          887    .bss.gUartReportDivider  task_imu.o
    0x20200b1c   0x0000ddb4   0x00000004   PAD
    0x20200b20        -       0x00001000   Zero   RW          775    HEAP                startup_mspm0g350x_uvision.o
    0x20201b20        -       0x00001000   Zero   RW          774    STACK               startup_mspm0g350x_uvision.o



  Load Region LR_BCR (Base: 0x41c00000, Size: 0x00000000, Max: 0x00000100, ABSOLUTE)

    Execution Region BCR_CONFIG (Exec base: 0x41c00000, Load base: 0x41c00000, Size: 0x00000000, Max: 0x00000080, ABSOLUTE)

    **** No section assigned to this execution region ****



  Load Region LR_BSL (Base: 0x41c00100, Size: 0x00000000, Max: 0x00000100, ABSOLUTE)

    Execution Region BSL_CONFIG (Exec base: 0x41c00100, Load base: 0x41c00100, Size: 0x00000000, Max: 0x00000080, ABSOLUTE)

    **** No section assigned to this execution region ****


==============================================================================

Image component sizes


      Code (inc. data)   RO Data    RW Data    ZI Data      Debug   Object Name

      3512        196         36          0         76      22442   bmi088_mspm0.o
      3938        208      16384          0        456      27061   bmi270_mspm0.o
       216         48          0          0          0      14317   board_mspm0.o
        10          0          0          0          0        604   dl_common.o
        64          0          0          0          0       4447   dl_dma.o
       396         32          0          0          0      55528   dl_flashctl.o
       134         16          0          0          0      12922   dl_spi.o
       316         28          0          0          0      18099   dl_sysctl_mspm0g1x0x_g3x0x.o
       676        204          0          0          0      36612   dl_timer.o
       222         16          0          0          0      13528   dl_uart.o
      1724         60          0          0          0      11925   flash_storage.o
      2344        224          0          0        725      11405   imu_attitude.o
       100         16          0          0          0       6870   interrupt_mspm0.o
      2472         12          0          0          0       5198   mahony_filter.o
       148          4          0          0          0        686   main.o
       226         16          0          0        117       3743   runtime_state.o
        48         22        192          0       8192        776   startup_mspm0g350x_uvision.o
      1646        296          0          0          5      10047   task_imu.o
       124         12          0          0          0       6348   task_led.o
      4896        596        686          0        631      33772   task_serial.o
      1686        132          0          0          3      16833   task_temperature.o
      1424        332        190          0        696      41172   ti_msp_dl_config.o

    ----------------------------------------------------------------------
     26348       2474      17532          0      10916     354335   Object Totals
        12          4         32          0          0          0   (incl. Generated)
        14          0         12          0         15          0   (incl. Padding)

    ----------------------------------------------------------------------

      Code (inc. data)   RO Data    RW Data    ZI Data      Debug   Library Member Name

         8          0          0          0          0         68   __main.o
       352          0          0          0          0         76   __printf_ss_wp.o
        14          0          0          0          0         60   __printf_wp.o
         0          0          0          0          0          0   __rtentry.o
        12          0          0          0          0          0   __rtentry2.o
         6          0          0          0          0          0   __rtentry4.o
        86         10          0          0          0          0   __scatter.o
        26          0          0          0          0          0   __scatter_copy.o
        28          0          0          0          0          0   __scatter_zi.o
        46          0          0          0          0        100   _printf_char.o
        48          6          0          0          0         88   _printf_char_common.o
       108         18          0          0          0         76   _printf_dec.o
        10          0          0          0          0          0   _printf_f.o
      1044         12          0          0          0        116   _printf_fp_dec.o
       136         16          0          0          0         76   _printf_fp_infnan.o
       176          0          0          0          0         84   _printf_intcommon.o
         2          0          0          0          0          0   _printf_percent.o
         4          0          0          0          0          0   _printf_percent_end.o
        10          0          0          0          0          0   _printf_s.o
        82          0          0          0          0         72   _printf_str.o
        10          0          0          0          0          0   _printf_u.o
        22          0          0          0          0         92   _rserrno.o
        16          0          0          0          0         60   _snputc.o
        18          0          0          0          0         68   aeabi_memset4.o
      1006          4          0          0          0        184   aeabi_sdivfast.o
       216          6        148          0          0         80   bigflt0.o
      1456         30          0          0          0        336   btod.o
        16          0          0          0          0         68   exit.o
         6          0          0          0          0        136   heapauxi.o
         0          0          0          0          0          0   indicate_semi.o
        44         10         28          0          0         76   lc_numeric_c.o
         2          0          0          0          0          0   libinit.o
        18          0          0          0          0          0   libinit2.o
         2          0          0          0          0          0   libshutdown.o
         2          0          0          0          0          0   libshutdown2.o
         8          4          0          0         96         68   libspace.o
       122          0          0          0          0         72   lludiv10.o
        64          4          0          0          0         84   noretval__2snprintf.o
         8          4          0          0          0         68   rt_errno_addr_intlibspace.o
         8          4          0          0          0         68   rt_locale_intlibspace.o
        64          0          0          0          0        108   rt_memclr.o
        56          0          0          0          0         68   rt_memcpy.o
         2          0          0          0          0          0   rtexit.o
        10          0          0          0          0          0   rtexit2.o
        40          0          0          0          0         60   rtudiv10.o
       176          4          0          0          0         80   strcmpv6m.o
       160          6          0          0          0         76   strncmp.o
        12          4          0          0          0         60   sys_exit.o
        62          0          0          0          0         80   sys_stackheap_outer.o
         2          0          0          0          0         68   use_no_semi.o
        46          0          0          0          0         60   cmpret.o
       124          4          0          0          0         72   d2f.o
       856         20          0          0          0        208   daddsub.o
      1096         26        128          0          0        112   ddiv.o
        88          0          0          0          0         92   dflti.o
        84          4          0          0          0         60   f2d.o
       372          8          0          0          0        240   faddsub.o
       114          0          0          0          0        340   fcmp.o
       100          4          0          0          0         68   fcmpin.o
       352         10         64          0          0         92   fdiv.o
        84          4          0          0          0         76   feqf.o
        76          0          0          0          0         68   ffixi.o
        48          0          0          0          0         60   ffixui.o
        94          0          0          0          0         92   fflti.o
        84          4          0          0          0         76   fgef.o
        84          4          0          0          0         76   flef.o
       176          4          0          0          0         80   fmul.o
        16          6          0          0          0         68   fnan2.o
       128          6          0          0          0         68   frnd.o
        68          4          0          0          0         68   fscalbn.o
       144          4          0          0          0         72   fsqrt.o
        16          4          0          0          0         76   printf1.o
        94          0          0          0          0         68   retnan.o
         0          0          0          0          0          0   usenofp.o
       280         38          0          0          0         76   asinf.o
       668         76          0          0          0        120   atan2f.o
       376         58          0          0          0        104   cosf.o
        44          4          0          0          0         60   fpclassify.o
        34          0          0          0          0         60   fpclassifyf.o
        44          0          0          0          0        272   funder.o
       384         18         32          0          0         88   rredf.o
       388         58          0          0          0        104   sinf.o
        44          0          0          0          0         72   sqrtf.o

    ----------------------------------------------------------------------
     12472        514        400          0         96       6124   Library Totals
        40          4          0          0          0          0   (incl. Padding)

    ----------------------------------------------------------------------

      Code (inc. data)   RO Data    RW Data    ZI Data      Debug   Library Name

      5826        142        176          0         96       2876   c_p.l
      4344        116        192          0          0       2292   fz_ps.l
      2262        252         32          0          0        956   m_ps.l

    ----------------------------------------------------------------------
     12472        514        400          0         96       6124   Library Totals

    ----------------------------------------------------------------------

==============================================================================


      Code (inc. data)   RO Data    RW Data    ZI Data      Debug   

     38820       2988      17932          0      11012     356923   Grand Totals
     38820       2988      17932          0      11012     356923   ELF Image Totals
     38820       2988      17932          0          0          0   ROM Totals

==============================================================================

    Total RO  Size (Code + RO Data)                56752 (  55.42kB)
    Total RW  Size (RW Data + ZI Data)             11012 (  10.75kB)
    Total ROM Size (Code + RO Data + RW Data)      56752 (  55.42kB)

==============================================================================

